Component: Arm Compiler for Embedded 6.19 Tool: armlink [5e73cb00]

==============================================================================

Section Cross References

    main.o(.text.gpio_set) refers to at32f421_gpio.o(.text.gpio_init) for gpio_init
    main.o(.ARM.exidx.text.gpio_set) refers to main.o(.text.gpio_set) for [Anonymous Symbol]
    main.o(.text.hardware_init) refers to at32f421_wdt.o(.text.wdt_register_write_enable) for wdt_register_write_enable
    main.o(.text.hardware_init) refers to at32f421_wdt.o(.text.wdt_divider_set) for wdt_divider_set
    main.o(.text.hardware_init) refers to at32f421_crm.o(.text.crm_hick_sclk_frequency_select) for crm_hick_sclk_frequency_select
    main.o(.text.hardware_init) refers to at32f421_crm.o(.text.crm_clock_source_enable) for crm_clock_source_enable
    main.o(.text.hardware_init) refers to at32f421_crm.o(.text.crm_hick_divider_select) for crm_hick_divider_select
    main.o(.text.hardware_init) refers to at32f421_crm.o(.text.crm_ahb_div_set) for crm_ahb_div_set
    main.o(.text.hardware_init) refers to at32f421_crm.o(.text.crm_periph_clock_enable) for crm_periph_clock_enable
    main.o(.text.hardware_init) refers to at32f421_crm.o(.text.crm_reset) for crm_reset
    main.o(.text.hardware_init) refers to at32f421_crm.o(.text.crm_flag_get) for crm_flag_get
    main.o(.text.hardware_init) refers to at32f421_crm.o(.text.crm_apb2_div_set) for crm_apb2_div_set
    main.o(.text.hardware_init) refers to at32f421_crm.o(.text.crm_apb1_div_set) for crm_apb1_div_set
    main.o(.text.hardware_init) refers to at32f421_crm.o(.text.crm_sysclk_switch) for crm_sysclk_switch
    main.o(.text.hardware_init) refers to at32f421_crm.o(.text.crm_sysclk_switch_status_get) for crm_sysclk_switch_status_get
    main.o(.text.hardware_init) refers to system_at32f421.o(.text.system_core_clock_update) for system_core_clock_update
    main.o(.text.hardware_init) refers to at32f421_gpio.o(.text.gpio_init) for gpio_init
    main.o(.text.hardware_init) refers to at32f421_misc.o(.text.nvic_irq_enable) for nvic_irq_enable
    main.o(.ARM.exidx.text.hardware_init) refers to main.o(.text.hardware_init) for [Anonymous Symbol]
    main.o(.text.timer_init) refers to at32f421_misc.o(.text.nvic_irq_enable) for nvic_irq_enable
    main.o(.ARM.exidx.text.timer_init) refers to main.o(.text.timer_init) for [Anonymous Symbol]
    main.o(.text.printNumber) refers to at32f421_gpio.o(.text.gpio_bits_reset) for gpio_bits_reset
    main.o(.text.printNumber) refers to at32f421_gpio.o(.text.gpio_bits_set) for gpio_bits_set
    main.o(.ARM.exidx.text.printNumber) refers to main.o(.text.printNumber) for [Anonymous Symbol]
    main.o(.text.TMR6_GLOBAL_IRQHandler) refers to main.o(.bss.counter) for counter
    main.o(.text.TMR6_GLOBAL_IRQHandler) refers to main.o(.data.numbers) for numbers
    main.o(.text.TMR6_GLOBAL_IRQHandler) refers to at32f421_gpio.o(.text.gpio_bits_reset) for gpio_bits_reset
    main.o(.text.TMR6_GLOBAL_IRQHandler) refers to at32f421_gpio.o(.text.gpio_bits_set) for gpio_bits_set
    main.o(.ARM.exidx.text.TMR6_GLOBAL_IRQHandler) refers to main.o(.text.TMR6_GLOBAL_IRQHandler) for [Anonymous Symbol]
    main.o(.text.buttonRead) refers to at32f421_gpio.o(.text.gpio_input_data_bit_read) for gpio_input_data_bit_read
    main.o(.text.buttonRead) refers to main.o(.bss.i) for i
    main.o(.text.buttonRead) refers to main.o(.bss.timer_speed) for timer_speed
    main.o(.text.buttonRead) refers to main.o(.rodata..Lswitch.table.main) for .Lswitch.table.main
    main.o(.ARM.exidx.text.buttonRead) refers to main.o(.text.buttonRead) for [Anonymous Symbol]
    main.o(.text.main) refers to main.o(.text.hardware_init) for hardware_init
    main.o(.text.main) refers to main.o(.bss.i) for i
    main.o(.text.main) refers to main.o(.bss.timer_speed) for timer_speed
    main.o(.text.main) refers to main.o(.rodata..Lswitch.table.main) for .Lswitch.table.main
    main.o(.text.main) refers to at32f421_gpio.o(.text.gpio_input_data_bit_read) for gpio_input_data_bit_read
    main.o(.ARM.exidx.text.main) refers to main.o(.text.main) for [Anonymous Symbol]
    at32f421_crm.o(.ARM.exidx.text.crm_reset) refers to at32f421_crm.o(.text.crm_reset) for [Anonymous Symbol]
    at32f421_crm.o(.ARM.exidx.text.crm_lext_bypass) refers to at32f421_crm.o(.text.crm_lext_bypass) for [Anonymous Symbol]
    at32f421_crm.o(.ARM.exidx.text.crm_hext_bypass) refers to at32f421_crm.o(.text.crm_hext_bypass) for [Anonymous Symbol]
    at32f421_crm.o(.ARM.exidx.text.crm_flag_get) refers to at32f421_crm.o(.text.crm_flag_get) for [Anonymous Symbol]
    at32f421_crm.o(.ARM.exidx.text.crm_hext_stable_wait) refers to at32f421_crm.o(.text.crm_hext_stable_wait) for [Anonymous Symbol]
    at32f421_crm.o(.ARM.exidx.text.crm_hick_clock_trimming_set) refers to at32f421_crm.o(.text.crm_hick_clock_trimming_set) for [Anonymous Symbol]
[...]
    at32f421_tmr.o(.ARM.exidx.text.tmr_div_value_get) refers to at32f421_tmr.o(.text.tmr_div_value_get) for [Anonymous Symbol]
    at32f421_tmr.o(.ARM.exidx.text.tmr_output_channel_config) refers to at32f421_tmr.o(.text.tmr_output_channel_config) for [Anonymous Symbol]
    at32f421_tmr.o(.ARM.exidx.text.tmr_output_channel_mode_select) refers to at32f421_tmr.o(.text.tmr_output_channel_mode_select) for [Anonymous Symbol]
    at32f421_tmr.o(.ARM.exidx.text.tmr_period_value_set) refers to at32f421_tmr.o(.text.tmr_period_value_set) for [Anonymous Symbol]
    at32f421_tmr.o(.ARM.exidx.text.tmr_period_value_get) refers to at32f421_tmr.o(.text.tmr_period_value_get) for [Anonymous Symbol]
    at32f421_tmr.o(.ARM.exidx.text.tmr_channel_value_set) refers to at32f421_tmr.o(.text.tmr_channel_value_set) for [Anonymous Symbol]
    at32f421_tmr.o(.ARM.exidx.text.tmr_channel_value_get) refers to at32f421_tmr.o(.text.tmr_channel_value_get) for [Anonymous Symbol]
    at32f421_tmr.o(.ARM.exidx.text.tmr_period_buffer_enable) refers to at32f421_tmr.o(.text.tmr_period_buffer_enable) for [Anonymous Symbol]
    at32f421_tmr.o(.ARM.exidx.text.tmr_output_channel_buffer_enable) refers to at32f421_tmr.o(.text.tmr_output_channel_buffer_enable) for [Anonymous Symbol]
    at32f421_tmr.o(.ARM.exidx.text.tmr_output_channel_immediately_set) refers to at32f421_tmr.o(.text.tmr_output_channel_immediately_set) for [Anonymous Symbol]
    at32f421_tmr.o(.ARM.exidx.text.tmr_output_channel_switch_select) refers to at32f421_tmr.o(.text.tmr_output_channel_switch_select) for [Anonymous Symbol]
    at32f421_tmr.o(.ARM.exidx.text.tmr_output_channel_switch_set) refers to at32f421_tmr.o(.text.tmr_output_channel_switch_set) for [Anonymous Symbol]
    at32f421_tmr.o(.ARM.exidx.text.tmr_one_cycle_mode_enable) refers to at32f421_tmr.o(.text.tmr_one_cycle_mode_enable) for [Anonymous Symbol]
    at32f421_tmr.o(.ARM.exidx.text.tmr_overflow_request_source_set) refers to at32f421_tmr.o(.text.tmr_overflow_request_source_set) for [Anonymous Symbol]
    at32f421_tmr.o(.ARM.exidx.text.tmr_overflow_event_disable) refers to at32f421_tmr.o(.text.tmr_overflow_event_disable) for [Anonymous Symbol]
    at32f421_tmr.o(.ARM.exidx.text.tmr_input_channel_init) refers to at32f421_tmr.o(.text.tmr_input_channel_init) for [Anonymous Symbol]
    at32f421_tmr.o(.ARM.exidx.text.tmr_channel_enable) refers to at32f421_tmr.o(.text.tmr_channel_enable) for [Anonymous Symbol]
    at32f421_tmr.o(.ARM.exidx.text.tmr_input_channel_filter_set) refers to at32f421_tmr.o(.text.tmr_input_channel_filter_set) for [Anonymous Symbol]
    at32f421_tmr.o(.ARM.exidx.text.tmr_pwm_input_config) refers to at32f421_tmr.o(.text.tmr_pwm_input_config) for [Anonymous Symbol]
    at32f421_tmr.o(.ARM.exidx.text.tmr_channel1_input_select) refers to at32f421_tmr.o(.text.tmr_channel1_input_select) for [Anonymous Symbol]
    at32f421_tmr.o(.ARM.exidx.text.tmr_input_channel_divider_set) refers to at32f421_tmr.o(.text.tmr_input_channel_divider_set) for [Anonymous Symbol]
    at32f421_tmr.o(.ARM.exidx.text.tmr_primary_mode_select) refers to at32f421_tmr.o(.text.tmr_primary_mode_select) for [Anonymous Symbol]
    at32f421_tmr.o(.ARM.exidx.text.tmr_sub_mode_select) refers to at32f421_tmr.o(.text.tmr_sub_mode_select) for [Anonymous Symbol]
    at32f421_tmr.o(.ARM.exidx.text.tmr_channel_dma_select) refers to at32f421_tmr.o(.text.tmr_channel_dma_select) for [Anonymous Symbol]
    at32f421_tmr.o(.ARM.exidx.text.tmr_hall_select) refers to at32f421_tmr.o(.text.tmr_hall_select) for [Anonymous Symbol]
    at32f421_tmr.o(.ARM.exidx.text.tmr_channel_buffer_enable) refers to at32f421_tmr.o(.text.tmr_channel_buffer_enable) for [Anonymous Symbol]
    at32f421_tmr.o(.ARM.exidx.text.tmr_trigger_input_select) refers to at32f421_tmr.o(.text.tmr_trigger_input_select) for [Anonymous Symbol]
    at32f421_tmr.o(.ARM.exidx.text.tmr_sub_sync_mode_set) refers to at32f421_tmr.o(.text.tmr_sub_sync_mode_set) for [Anonymous Symbol]
    at32f421_tmr.o(.ARM.exidx.text.tmr_dma_request_enable) refers to at32f421_tmr.o(.text.tmr_dma_request_enable) for [Anonymous Symbol]
    at32f421_tmr.o(.ARM.exidx.text.tmr_interrupt_enable) refers to at32f421_tmr.o(.text.tmr_interrupt_enable) for [Anonymous Symbol]
    at32f421_tmr.o(.ARM.exidx.text.tmr_flag_get) refers to at32f421_tmr.o(.text.tmr_flag_get) for [Anonymous Symbol]
    at32f421_tmr.o(.ARM.exidx.text.tmr_flag_clear) refers to at32f421_tmr.o(.text.tmr_flag_clear) for [Anonymous Symbol]
    at32f421_tmr.o(.ARM.exidx.text.tmr_event_sw_trigger) refers to at32f421_tmr.o(.text.tmr_event_sw_trigger) for [Anonymous Symbol]
    at32f421_tmr.o(.ARM.exidx.text.tmr_output_enable) refers to at32f421_tmr.o(.text.tmr_output_enable) for [Anonymous Symbol]
    at32f421_tmr.o(.ARM.exidx.text.tmr_internal_clock_set) refers to at32f421_tmr.o(.text.tmr_internal_clock_set) for [Anonymous Symbol]
    at32f421_tmr.o(.ARM.exidx.text.tmr_output_channel_polarity_set) refers to at32f421_tmr.o(.text.tmr_output_channel_polarity_set) for [Anonymous Symbol]
    at32f421_tmr.o(.ARM.exidx.text.tmr_external_clock_config) refers to at32f421_tmr.o(.text.tmr_external_clock_config) for [Anonymous Symbol]
    at32f421_tmr.o(.ARM.exidx.text.tmr_external_clock_mode1_config) refers to at32f421_tmr.o(.text.tmr_external_clock_mode1_config) for [Anonymous Symbol]
    at32f421_tmr.o(.ARM.exidx.text.tmr_external_clock_mode2_config) refers to at32f421_tmr.o(.text.tmr_external_clock_mode2_config) for [Anonymous Symbol]
    at32f421_tmr.o(.ARM.exidx.text.tmr_encoder_mode_config) refers to at32f421_tmr.o(.text.tmr_encoder_mode_config) for [Anonymous Symbol]
    at32f421_tmr.o(.ARM.exidx.text.tmr_force_output_set) refers to at32f421_tmr.o(.text.tmr_force_output_set) for [Anonymous Symbol]
    at32f421_tmr.o(.ARM.exidx.text.tmr_dma_control_config) refers to at32f421_tmr.o(.text.tmr_dma_control_config) for [Anonymous Symbol]
    at32f421_tmr.o(.ARM.exidx.text.tmr_brkdt_config) refers to at32f421_tmr.o(.text.tmr_brkdt_config) for [Anonymous Symbol]
    at32f421_tmr.o(.ARM.exidx.text.tmr_iremap_config) refers to at32f421_tmr.o(.text.tmr_iremap_config) for [Anonymous Symbol]
    at32f421_wdt.o(.ARM.exidx.text.wdt_enable) refers to at32f421_wdt.o(.text.wdt_enable) for [Anonymous Symbol]
    at32f421_wdt.o(.ARM.exidx.text.wdt_counter_reload) refers to at32f421_wdt.o(.text.wdt_counter_reload) for [Anonymous Symbol]
    at32f421_wdt.o(.ARM.exidx.text.wdt_reload_value_set) refers to at32f421_wdt.o(.text.wdt_reload_value_set) for [Anonymous Symbol]
    at32f421_wdt.o(.ARM.exidx.text.wdt_divider_set) refers to at32f421_wdt.o(.text.wdt_divider_set) for [Anonymous Symbol]
    at32f421_wdt.o(.ARM.exidx.text.wdt_register_write_enable) refers to at32f421_wdt.o(.text.wdt_register_write_enable) for [Anonymous Symbol]
    at32f421_wdt.o(.ARM.exidx.text.wdt_flag_get) refers to at32f421_wdt.o(.text.wdt_flag_get) for [Anonymous Symbol]
    startup_at32f421.o(STACK) refers (Special) to heapauxi.o(.text) for __use_two_region_memory
    startup_at32f421.o(HEAP) refers (Special) to heapauxi.o(.text) for __use_two_region_memory
    startup_at32f421.o(RESET) refers (Special) to heapauxi.o(.text) for __use_two_region_memory
    startup_at32f421.o(RESET) refers to startup_at32f421.o(STACK) for __initial_sp
    startup_at32f421.o(RESET) refers to startup_at32f421.o(.text) for Reset_Handler
    startup_at32f421.o(RESET) refers to main.o(.text.TMR6_GLOBAL_IRQHandler) for TMR6_GLOBAL_IRQHandler
    startup_at32f421.o(.text) refers (Special) to heapauxi.o(.text) for __use_two_region_memory
    startup_at32f421.o(.text) refers to system_at32f421.o(.text.SystemInit) for SystemInit
    startup_at32f421.o(.text) refers to __main.o(!!!main) for __main
    startup_at32f421.o(.text) refers to startup_at32f421.o(HEAP) for Heap_Mem
    startup_at32f421.o(.text) refers to startup_at32f421.o(STACK) for Stack_Mem
    system_at32f421.o(.ARM.exidx.text.SystemInit) refers to system_at32f421.o(.text.SystemInit) for [Anonymous Symbol]
    system_at32f421.o(.text.system_core_clock_update) refers to at32f421_crm.o(.text.crm_sysclk_switch_status_get) for crm_sysclk_switch_status_get
    system_at32f421.o(.text.system_core_clock_update) refers to system_at32f421.o(.data.system_core_clock) for system_core_clock
    system_at32f421.o(.ARM.exidx.text.system_core_clock_update) refers to system_at32f421.o(.text.system_core_clock_update) for [Anonymous Symbol]
    __main.o(!!!main) refers to __rtentry.o(.ARM.Collect$$rtentry$$00000000) for __rt_entry
    __rtentry.o(.ARM.Collect$$rtentry$$00000000) refers (Special) to __rtentry2.o(.ARM.Collect$$rtentry$$0000000A) for __rt_entry_li
    __rtentry.o(.ARM.Collect$$rtentry$$00000000) refers (Special) to __rtentry2.o(.ARM.Collect$$rtentry$$0000000D) for __rt_entry_main
    __rtentry.o(.ARM.Collect$$rtentry$$00000000) refers (Special) to __rtentry2.o(.ARM.Collect$$rtentry$$0000000C) for __rt_entry_postli_1
    __rtentry.o(.ARM.Collect$$rtentry$$00000000) refers (Special) to __rtentry2.o(.ARM.Collect$$rtentry$$00000009) for __rt_entry_postsh_1
    __rtentry.o(.ARM.Collect$$rtentry$$00000000) refers (Special) to __rtentry2.o(.ARM.Collect$$rtentry$$00000002) for __rt_entry_presh_1
    __rtentry.o(.ARM.Collect$$rtentry$$00000000) refers (Special) to __rtentry4.o(.ARM.Collect$$rtentry$$00000004) for __rt_entry_sh
    __rtentry2.o(.ARM.Collect$$rtentry$$00000008) refers to boardinit2.o(.text) for _platform_post_stackheap_init
    __rtentry2.o(.ARM.Collect$$rtentry$$0000000A) refers to libinit.o(.ARM.Collect$$libinit$$00000000) for __rt_lib_init
    __rtentry2.o(.ARM.Collect$$rtentry$$0000000B) refers to boardinit3.o(.text) for _platform_post_lib_init
    __rtentry2.o(.ARM.Collect$$rtentry$$0000000D) refers to main.o(.text.main) for main
    __rtentry2.o(.ARM.Collect$$rtentry$$0000000D) refers to exit.o(.text) for exit
    __rtentry2.o(.ARM.exidx) refers to __rtentry2.o(.ARM.Collect$$rtentry$$00000001) for .ARM.Collect$$rtentry$$00000001
    __rtentry2.o(.ARM.exidx) refers to __rtentry2.o(.ARM.Collect$$rtentry$$00000008) for .ARM.Collect$$rtentry$$00000008
    __rtentry2.o(.ARM.exidx) refers to __rtentry2.o(.ARM.Collect$$rtentry$$0000000A) for .ARM.Collect$$rtentry$$0000000A
    __rtentry2.o(.ARM.exidx) refers to __rtentry2.o(.ARM.Collect$$rtentry$$0000000B) for .ARM.Collect$$rtentry$$0000000B
    __rtentry2.o(.ARM.exidx) refers to __rtentry2.o(.ARM.Collect$$rtentry$$0000000D) for .ARM.Collect$$rtentry$$0000000D
    __rtentry4.o(.ARM.Collect$$rtentry$$00000004) refers to sys_stackheap_outer.o(.text) for __user_setup_stackheap
    __rtentry4.o(.ARM.exidx) refers to __rtentry4.o(.ARM.Collect$$rtentry$$00000004) for .ARM.Collect$$rtentry$$00000004
    sys_stackheap_outer.o(.text) refers to libspace.o(.text) for __user_perproc_libspace
    sys_stackheap_outer.o(.text) refers to startup_at32f421.o(.text) for __user_initial_stackheap
    exit.o(.text) refers to rtexit.o(.ARM.Collect$$rtexit$$00000000) for __rt_exit
    libinit.o(.ARM.Collect$$libinit$$00000000) refers (Special) to libinit2.o(.ARM.Collect$$libinit$$00000030) for __rt_lib_init_alloca_1
    libinit.o(.ARM.Collect$$libinit$$00000000) refers (Special) to libinit2.o(.ARM.Collect$$libinit$$0000002E) for __rt_lib_init_argv_1
    libinit.o(.ARM.Collect$$libinit$$00000000) refers (Special) to libinit2.o(.ARM.Collect$$libinit$$0000001D) for __rt_lib_init_atexit_1
    libinit.o(.ARM.Collect$$libinit$$00000000) refers (Special) to libinit2.o(.ARM.Collect$$libinit$$00000023) for __rt_lib_init_clock_1
    libinit.o(.ARM.Collect$$libinit$$00000000) refers (Special) to libinit2.o(.ARM.Collect$$libinit$$00000034) for __rt_lib_init_cpp_1
    libinit.o(.ARM.Collect$$libinit$$00000000) refers (Special) to libinit2.o(.ARM.Collect$$libinit$$00000032) for __rt_lib_init_exceptions_1
    libinit.o(.ARM.Collect$$libinit$$00000000) refers (Special) to libinit2.o(.ARM.Collect$$libinit$$00000002) for __rt_lib_init_fp_1
    libinit.o(.ARM.Collect$$libinit$$00000000) refers (Special) to libinit2.o(.ARM.Collect$$libinit$$00000021) for __rt_lib_init_fp_trap_1
    libinit.o(.ARM.Collect$$libinit$$00000000) refers (Special) to libinit2.o(.ARM.Collect$$libinit$$00000025) for __rt_lib_init_getenv_1
    libinit.o(.ARM.Collect$$libinit$$00000000) refers (Special) to libinit2.o(.ARM.Collect$$libinit$$0000000C) for __rt_lib_init_heap_1
    libinit.o(.ARM.Collect$$libinit$$00000000) refers (Special) to libinit2.o(.ARM.Collect$$libinit$$00000013) for __rt_lib_init_lc_collate_1
    libinit.o(.ARM.Collect$$libinit$$00000000) refers (Special) to libinit2.o(.ARM.Collect$$libinit$$00000015) for __rt_lib_init_lc_ctype_1
    libinit.o(.ARM.Collect$$libinit$$00000000) refers (Special) to libinit2.o(.ARM.Collect$$libinit$$00000017) for __rt_lib_init_lc_monetary_1
    libinit.o(.ARM.Collect$$libinit$$00000000) refers (Special) to libinit2.o(.ARM.Collect$$libinit$$00000019) for __rt_lib_init_lc_numeric_1
    libinit.o(.ARM.Collect$$libinit$$00000000) refers (Special) to libinit2.o(.ARM.Collect$$libinit$$0000001B) for __rt_lib_init_lc_time_1
    libinit.o(.ARM.Collect$$libinit$$00000000) refers (Special) to libinit2.o(.ARM.Collect$$libinit$$00000006) for __rt_lib_init_preinit_1
    libinit.o(.ARM.Collect$$libinit$$00000000) refers (Special) to libinit2.o(.ARM.Collect$$libinit$$00000010) for __rt_lib_init_rand_1
    libinit.o(.ARM.Collect$$libinit$$00000000) refers (Special) to libinit2.o(.ARM.Collect$$libinit$$00000004) for __rt_lib_init_relocate_pie_1
    libinit.o(.ARM.Collect$$libinit$$00000000) refers (Special) to libinit2.o(.ARM.Collect$$libinit$$00000035) for __rt_lib_init_return
    libinit.o(.ARM.Collect$$libinit$$00000000) refers (Special) to libinit2.o(.ARM.Collect$$libinit$$0000001F) for __rt_lib_init_signal_1
    libinit.o(.ARM.Collect$$libinit$$00000000) refers (Special) to libinit2.o(.ARM.Collect$$libinit$$00000027) for __rt_lib_init_stdio_1
    libinit.o(.ARM.Collect$$libinit$$00000000) refers (Special) to libinit2.o(.ARM.Collect$$libinit$$0000000E) for __rt_lib_init_user_alloc_1
    libspace.o(.text) refers to libspace.o(.bss) for __libspace_start
    rtexit.o(.ARM.Collect$$rtexit$$00000000) refers (Special) to rtexit2.o(.ARM.Collect$$rtexit$$00000004) for __rt_exit_exit
    rtexit.o(.ARM.Collect$$rtexit$$00000000) refers (Special) to rtexit2.o(.ARM.Collect$$rtexit$$00000003) for __rt_exit_ls
    rtexit.o(.ARM.Collect$$rtexit$$00000000) refers (Special) to rtexit2.o(.ARM.Collect$$rtexit$$00000002) for __rt_exit_prels_1
    rtexit.o(.ARM.exidx) refers (Special) to rtexit2.o(.ARM.Collect$$rtexit$$00000004) for __rt_exit_exit
    rtexit.o(.ARM.exidx) refers (Special) to rtexit2.o(.ARM.Collect$$rtexit$$00000003) for __rt_exit_ls
    rtexit.o(.ARM.exidx) refers (Special) to rtexit2.o(.ARM.Collect$$rtexit$$00000002) for __rt_exit_prels_1
    rtexit.o(.ARM.exidx) refers to rtexit.o(.ARM.Collect$$rtexit$$00000000) for .ARM.Collect$$rtexit$$00000000
    libinit2.o(.ARM.Collect$$libinit$$00000012) refers to libinit2.o(.ARM.Collect$$libinit$$00000011) for .ARM.Collect$$libinit$$00000011
    libinit2.o(.ARM.Collect$$libinit$$00000014) refers to libinit2.o(.ARM.Collect$$libinit$$00000011) for .ARM.Collect$$libinit$$00000011
    libinit2.o(.ARM.Collect$$libinit$$00000016) refers to libinit2.o(.ARM.Collect$$libinit$$00000011) for .ARM.Collect$$libinit$$00000011
    libinit2.o(.ARM.Collect$$libinit$$00000018) refers to libinit2.o(.ARM.Collect$$libinit$$00000011) for .ARM.Collect$$libinit$$00000011
    libinit2.o(.ARM.Collect$$libinit$$0000001A) refers to libinit2.o(.ARM.Collect$$libinit$$00000011) for .ARM.Collect$$libinit$$00000011
    libinit2.o(.ARM.Collect$$libinit$$00000028) refers to argv_veneer.o(.emb_text) for __ARM_argv_veneer
    libinit2.o(.ARM.Collect$$libinit$$00000029) refers to argv_veneer.o(.emb_text) for __ARM_argv_veneer
    rtexit2.o(.ARM.Collect$$rtexit$$00000003) refers to libshutdown.o(.ARM.Collect$$libshutdown$$00000000) for __rt_lib_shutdown
    rtexit2.o(.ARM.Collect$$rtexit$$00000004) refers to sys_exit.o(.text) for _sys_exit
    rtexit2.o(.ARM.exidx) refers to rtexit2.o(.ARM.Collect$$rtexit$$00000001) for .ARM.Collect$$rtexit$$00000001
    rtexit2.o(.ARM.exidx) refers to rtexit2.o(.ARM.Collect$$rtexit$$00000003) for .ARM.Collect$$rtexit$$00000003
    rtexit2.o(.ARM.exidx) refers to rtexit2.o(.ARM.Collect$$rtexit$$00000004) for .ARM.Collect$$rtexit$$00000004
    argv_veneer.o(.emb_text) refers to no_argv.o(.text) for __ARM_get_argv
    sys_exit.o(.text) refers (Special) to use_no_semi.o(.text) for __I$use$semihosting
    sys_exit.o(.text) refers (Special) to indicate_semi.o(.text) for __semihosting_library_function
    sys_exit_hlt.o(.text) refers (Special) to use_no_semi.o(.text) for __I$use$semihosting
    sys_exit_hlt.o(.text) refers (Special) to indicate_semi.o(.text) for __semihosting_library_function
    _get_argv_nomalloc.o(.text) refers (Special) to hrguard.o(.text) for __heap_region$guard
    _get_argv_nomalloc.o(.text) refers to defsig_rtmem_outer.o(.text) for __rt_SIGRTMEM
    _get_argv_nomalloc.o(.text) refers to sys_command.o(.text) for _sys_command_string
    libshutdown.o(.ARM.Collect$$libshutdown$$00000000) refers (Special) to libshutdown2.o(.ARM.Collect$$libshutdown$$00000002) for __rt_lib_shutdown_cpp_1
    libshutdown.o(.ARM.Collect$$libshutdown$$00000000) refers (Special) to libshutdown2.o(.ARM.Collect$$libshutdown$$00000007) for __rt_lib_shutdown_fp_trap_1
    libshutdown.o(.ARM.Collect$$libshutdown$$00000000) refers (Special) to libshutdown2.o(.ARM.Collect$$libshutdown$$0000000F) for __rt_lib_shutdown_heap_1
    libshutdown.o(.ARM.Collect$$libshutdown$$00000000) refers (Special) to libshutdown2.o(.ARM.Collect$$libshutdown$$00000010) for __rt_lib_shutdown_return
    libshutdown.o(.ARM.Collect$$libshutdown$$00000000) refers (Special) to libshutdown2.o(.ARM.Collect$$libshutdown$$0000000A) for __rt_lib_shutdown_signal_1
    libshutdown.o(.ARM.Collect$$libshutdown$$00000000) refers (Special) to libshutdown2.o(.ARM.Collect$$libshutdown$$00000004) for __rt_lib_shutdown_stdio_1
    libshutdown.o(.ARM.Collect$$libshutdown$$00000000) refers (Special) to libshutdown2.o(.ARM.Collect$$libshutdown$$0000000C) for __rt_lib_shutdown_user_alloc_1
    sys_command.o(.text) refers (Special) to use_no_semi.o(.text) for __I$use$semihosting
    sys_command.o(.text) refers (Special) to indicate_semi.o(.text) for __semihosting_library_function
    sys_command_hlt.o(.text) refers (Special) to use_no_semi.o(.text) for __I$use$semihosting
    sys_command_hlt.o(.text) refers (Special) to indicate_semi.o(.text) for __semihosting_library_function
    defsig_rtmem_outer.o(.text) refers to defsig_rtmem_inner.o(.text) for __rt_SIGRTMEM_inner
    defsig_rtmem_outer.o(.text) refers to defsig_exit.o(.text) for __sig_exit
    defsig_rtmem_formal.o(.text) refers to rt_raise.o(.text) for __rt_raise
    rt_raise.o(.text) refers to __raise.o(.text) for __raise
    rt_raise.o(.text) refers to sys_exit.o(.text) for _sys_exit
    defsig_exit.o(.text) refers to sys_exit.o(.text) for _sys_exit
    defsig_rtmem_inner.o(.text) refers to defsig_general.o(.text) for __default_signal_display
    __raise.o(.text) refers to defsig.o(CL$$defsig) for __default_signal_handler
    defsig_general.o(.text) refers to sys_wrch.o(.text) for _ttywrch
    sys_wrch.o(.text) refers (Special) to use_no_semi.o(.text) for __I$use$semihosting
    sys_wrch.o(.text) refers (Special) to indicate_semi.o(.text) for __semihosting_library_function
    sys_wrch_hlt.o(.text) refers (Special) to use_no_semi.o(.text) for __I$use$semihosting
    sys_wrch_hlt.o(.text) refers (Special) to indicate_semi.o(.text) for __semihosting_library_function
    defsig.o(CL$$defsig) refers to defsig_rtmem_inner.o(.text) for __rt_SIGRTMEM_inner
    defsig_abrt_inner.o(.text) refers to defsig_general.o(.text) for __default_signal_display
    defsig_fpe_inner.o(.text) refers to defsig_general.o(.text) for __default_signal_display
    defsig_rtred_inner.o(.text) refers to defsig_general.o(.text) for __default_signal_display
    defsig_stak_inner.o(.text) refers to defsig_general.o(.text) for __default_signal_display
    defsig_pvfn_inner.o(.text) refers to defsig_general.o(.text) for __default_signal_display
    defsig_cppl_inner.o(.text) refers to defsig_general.o(.text) for __default_signal_display
    defsig_segv_inner.o(.text) refers to defsig_general.o(.text) for __default_signal_display
    defsig_other.o(.text) refers to defsig_general.o(.text) for __default_signal_display


==============================================================================

Removing Unused input sections from the image.

    Removing main.o(.text), (0 bytes).
    Removing main.o(.text.gpio_set), (36 bytes).
    Removing main.o(.ARM.exidx.text.gpio_set), (8 bytes).
    Removing main.o(.ARM.exidx.text.hardware_init), (8 bytes).
    Removing main.o(.text.timer_init), (82 bytes).
    Removing main.o(.ARM.exidx.text.timer_init), (8 bytes).
    Removing main.o(.text.printNumber), (58 bytes).
    Removing main.o(.ARM.exidx.text.printNumber), (8 bytes).
    Removing main.o(.ARM.exidx.text.TMR6_GLOBAL_IRQHandler), (8 bytes).
    Removing main.o(.text.buttonRead), (116 bytes).
    Removing main.o(.ARM.exidx.text.buttonRead), (8 bytes).
    Removing main.o(.ARM.exidx.text.main), (8 bytes).
    Removing main.o(.data.e), (2 bytes).
    Removing main.o(.ARM.use_no_argv), (4 bytes).
    Removing at32f421_crm.o(.text), (0 bytes).
    Removing at32f421_crm.o(.ARM.exidx.text.crm_reset), (8 bytes).
    Removing at32f421_crm.o(.text.crm_lext_bypass), (26 bytes).
    Removing at32f421_crm.o(.ARM.exidx.text.crm_lext_bypass), (8 bytes).
    Removing at32f421_crm.o(.text.crm_hext_bypass), (26 bytes).
    Removing at32f421_crm.o(.ARM.exidx.text.crm_hext_bypass), (8 bytes).
    Removing at32f421_crm.o(.ARM.exidx.text.crm_flag_get), (8 bytes).
    Removing at32f421_crm.o(.text.crm_hext_stable_wait), (36 bytes).
    Removing at32f421_crm.o(.ARM.exidx.text.crm_hext_stable_wait), (8 bytes).
    Removing at32f421_crm.o(.text.crm_hick_clock_trimming_set), (26 bytes).
    Removing at32f421_crm.o(.ARM.exidx.text.crm_hick_clock_trimming_set), (8 bytes).
    Removing at32f421_crm.o(.text.crm_hick_clock_calibration_set), (44 bytes).
    Removing at32f421_crm.o(.ARM.exidx.text.crm_hick_clock_calibration_set), (8 bytes).
    Removing at32f421_crm.o(.ARM.exidx.text.crm_periph_clock_enable), (8 bytes).
    Removing at32f421_crm.o(.text.crm_periph_reset), (40 bytes).
    Removing at32f421_crm.o(.ARM.exidx.text.crm_periph_reset), (8 bytes).
    Removing at32f421_crm.o(.text.crm_periph_sleep_mode_clock_enable), (40 bytes).
    Removing at32f421_crm.o(.ARM.exidx.text.crm_periph_sleep_mode_clock_enable), (8 bytes).
    Removing at32f421_crm.o(.ARM.exidx.text.crm_clock_source_enable), (8 bytes).
    Removing at32f421_crm.o(.text.crm_flag_clear), (124 bytes).
    Removing at32f421_crm.o(.ARM.exidx.text.crm_flag_clear), (8 bytes).
    Removing at32f421_crm.o(.text.crm_ertc_clock_select), (26 bytes).
    Removing at32f421_crm.o(.ARM.exidx.text.crm_ertc_clock_select), (8 bytes).
    Removing at32f421_crm.o(.text.crm_ertc_clock_enable), (26 bytes).
    Removing at32f421_crm.o(.ARM.exidx.text.crm_ertc_clock_enable), (8 bytes).
    Removing at32f421_crm.o(.ARM.exidx.text.crm_ahb_div_set), (8 bytes).
    Removing at32f421_crm.o(.ARM.exidx.text.crm_apb1_div_set), (8 bytes).
    Removing at32f421_crm.o(.ARM.exidx.text.crm_apb2_div_set), (8 bytes).
    Removing at32f421_crm.o(.text.crm_adc_clock_div_set), (28 bytes).
    Removing at32f421_crm.o(.ARM.exidx.text.crm_adc_clock_div_set), (8 bytes).
    Removing at32f421_crm.o(.text.crm_clock_failure_detection_enable), (26 bytes).
    Removing at32f421_crm.o(.ARM.exidx.text.crm_clock_failure_detection_enable), (8 bytes).
    Removing at32f421_crm.o(.text.crm_battery_powered_domain_reset), (26 bytes).
    Removing at32f421_crm.o(.ARM.exidx.text.crm_battery_powered_domain_reset), (8 bytes).
    Removing at32f421_crm.o(.text.crm_pll_config), (92 bytes).
    Removing at32f421_crm.o(.ARM.exidx.text.crm_pll_config), (8 bytes).
    Removing at32f421_crm.o(.text.crm_pll_config2), (132 bytes).
    Removing at32f421_crm.o(.ARM.exidx.text.crm_pll_config2), (8 bytes).
    Removing at32f421_crm.o(.ARM.exidx.text.crm_sysclk_switch), (8 bytes).
    Removing at32f421_crm.o(.ARM.exidx.text.crm_sysclk_switch_status_get), (8 bytes).
    Removing at32f421_crm.o(.text.crm_clocks_freq_get), (288 bytes).
    Removing at32f421_crm.o(.ARM.exidx.text.crm_clocks_freq_get), (8 bytes).
    Removing at32f421_crm.o(.text.crm_clock_out_set), (28 bytes).
    Removing at32f421_crm.o(.ARM.exidx.text.crm_clock_out_set), (8 bytes).
    Removing at32f421_crm.o(.text.crm_interrupt_enable), (24 bytes).
    Removing at32f421_crm.o(.ARM.exidx.text.crm_interrupt_enable), (8 bytes).
    Removing at32f421_crm.o(.text.crm_auto_step_mode_enable), (24 bytes).
    Removing at32f421_crm.o(.ARM.exidx.text.crm_auto_step_mode_enable), (8 bytes).
    Removing at32f421_crm.o(.ARM.exidx.text.crm_hick_divider_select), (8 bytes).
    Removing at32f421_crm.o(.ARM.exidx.text.crm_hick_sclk_frequency_select), (8 bytes).
    Removing at32f421_crm.o(.text.crm_clkout_div_set), (22 bytes).
    Removing at32f421_crm.o(.ARM.exidx.text.crm_clkout_div_set), (8 bytes).
    Removing at32f421_crm.o(.rodata.cst8), (8 bytes).
    Removing at32f421_ertc.o(.text), (0 bytes).
    Removing at32f421_ertc.o(.text.ertc_num_to_bcd), (22 bytes).
    Removing at32f421_ertc.o(.ARM.exidx.text.ertc_num_to_bcd), (8 bytes).
    Removing at32f421_ertc.o(.text.ertc_bcd_to_num), (18 bytes).
    Removing at32f421_ertc.o(.ARM.exidx.text.ertc_bcd_to_num), (8 bytes).
    Removing at32f421_ertc.o(.text.ertc_write_protect_enable), (14 bytes).
    Removing at32f421_ertc.o(.ARM.exidx.text.ertc_write_protect_enable), (8 bytes).
    Removing at32f421_ertc.o(.text.ertc_write_protect_disable), (18 bytes).
    Removing at32f421_ertc.o(.ARM.exidx.text.ertc_write_protect_disable), (8 bytes).
    Removing at32f421_ertc.o(.text.ertc_wait_update), (56 bytes).
    Removing at32f421_ertc.o(.ARM.exidx.text.ertc_wait_update), (8 bytes).
    Removing at32f421_ertc.o(.text.ertc_wait_flag), (66 bytes).
    Removing at32f421_ertc.o(.ARM.exidx.text.ertc_wait_flag), (8 bytes).
    Removing at32f421_ertc.o(.text.ertc_flag_get), (18 bytes).
    Removing at32f421_ertc.o(.ARM.exidx.text.ertc_flag_get), (8 bytes).
    Removing at32f421_ertc.o(.text.ertc_init_mode_enter), (64 bytes).
    Removing at32f421_ertc.o(.ARM.exidx.text.ertc_init_mode_enter), (8 bytes).
    Removing at32f421_ertc.o(.text.ertc_init_mode_exit), (16 bytes).
    Removing at32f421_ertc.o(.ARM.exidx.text.ertc_init_mode_exit), (8 bytes).
    Removing at32f421_ertc.o(.text.ertc_reset), (142 bytes).
    Removing at32f421_ertc.o(.ARM.exidx.text.ertc_reset), (8 bytes).
    Removing at32f421_ertc.o(.text.ertc_divider_set), (114 bytes).
    Removing at32f421_ertc.o(.ARM.exidx.text.ertc_divider_set), (8 bytes).
    Removing at32f421_ertc.o(.text.ertc_hour_mode_set), (88 bytes).
    Removing at32f421_ertc.o(.ARM.exidx.text.ertc_hour_mode_set), (8 bytes).
    Removing at32f421_ertc.o(.text.ertc_date_set), (288 bytes).
    Removing at32f421_ertc.o(.ARM.exidx.text.ertc_date_set), (8 bytes).
    Removing at32f421_ertc.o(.text.ertc_time_set), (288 bytes).
    Removing at32f421_ertc.o(.ARM.exidx.text.ertc_time_set), (8 bytes).
    Removing at32f421_ertc.o(.text.ertc_calendar_get), (156 bytes).
    Removing at32f421_ertc.o(.ARM.exidx.text.ertc_calendar_get), (8 bytes).
    Removing at32f421_ertc.o(.text.ertc_sub_second_get), (14 bytes).
    Removing at32f421_ertc.o(.ARM.exidx.text.ertc_sub_second_get), (8 bytes).
    Removing at32f421_ertc.o(.text.ertc_alarm_mask_set), (38 bytes).
    Removing at32f421_ertc.o(.ARM.exidx.text.ertc_alarm_mask_set), (8 bytes).
    Removing at32f421_ertc.o(.text.ertc_alarm_week_date_select), (44 bytes).
    Removing at32f421_ertc.o(.ARM.exidx.text.ertc_alarm_week_date_select), (8 bytes).
    Removing at32f421_ertc.o(.text.ertc_alarm_set), (212 bytes).
    Removing at32f421_ertc.o(.ARM.exidx.text.ertc_alarm_set), (8 bytes).
    Removing at32f421_ertc.o(.text.ertc_alarm_sub_second_set), (62 bytes).
    Removing at32f421_ertc.o(.ARM.exidx.text.ertc_alarm_sub_second_set), (8 bytes).
    Removing at32f421_ertc.o(.text.ertc_alarm_enable), (80 bytes).
    Removing at32f421_ertc.o(.ARM.exidx.text.ertc_alarm_enable), (8 bytes).
    Removing at32f421_ertc.o(.text.ertc_alarm_get), (148 bytes).
    Removing at32f421_ertc.o(.ARM.exidx.text.ertc_alarm_get), (8 bytes).
    Removing at32f421_ertc.o(.text.ertc_alarm_sub_second_get), (16 bytes).
    Removing at32f421_ertc.o(.ARM.exidx.text.ertc_alarm_sub_second_get), (8 bytes).
    Removing at32f421_ertc.o(.text.ertc_smooth_calibration_config), (124 bytes).
    Removing at32f421_ertc.o(.ARM.exidx.text.ertc_smooth_calibration_config), (8 bytes).
    Removing at32f421_ertc.o(.text.ertc_cal_output_select), (42 bytes).
    Removing at32f421_ertc.o(.ARM.exidx.text.ertc_cal_output_select), (8 bytes).
    Removing at32f421_ertc.o(.text.ertc_cal_output_enable), (42 bytes).
    Removing at32f421_ertc.o(.ARM.exidx.text.ertc_cal_output_enable), (8 bytes).
    Removing at32f421_ertc.o(.text.ertc_time_adjust), (154 bytes).
    Removing at32f421_ertc.o(.ARM.exidx.text.ertc_time_adjust), (8 bytes).
    Removing at32f421_ertc.o(.text.ertc_daylight_set), (60 bytes).
    Removing at32f421_ertc.o(.ARM.exidx.text.ertc_daylight_set), (8 bytes).
    Removing at32f421_ertc.o(.text.ertc_daylight_bpr_get), (16 bytes).
    Removing at32f421_ertc.o(.ARM.exidx.text.ertc_daylight_bpr_get), (8 bytes).
    Removing at32f421_ertc.o(.text.ertc_refer_clock_detect_enable), (88 bytes).
    Removing at32f421_ertc.o(.ARM.exidx.text.ertc_refer_clock_detect_enable), (8 bytes).
    Removing at32f421_ertc.o(.text.ertc_direct_read_enable), (42 bytes).
    Removing at32f421_ertc.o(.ARM.exidx.text.ertc_direct_read_enable), (8 bytes).
    Removing at32f421_ertc.o(.text.ertc_output_set), (88 bytes).
    Removing at32f421_ertc.o(.ARM.exidx.text.ertc_output_set), (8 bytes).
    Removing at32f421_ertc.o(.text.ertc_timestamp_valid_edge_set), (42 bytes).
    Removing at32f421_ertc.o(.ARM.exidx.text.ertc_timestamp_valid_edge_set), (8 bytes).
    Removing at32f421_ertc.o(.text.ertc_timestamp_enable), (42 bytes).
    Removing at32f421_ertc.o(.ARM.exidx.text.ertc_timestamp_enable), (8 bytes).
    Removing at32f421_ertc.o(.text.ertc_timestamp_get), (138 bytes).
    Removing at32f421_ertc.o(.ARM.exidx.text.ertc_timestamp_get), (8 bytes).
    Removing at32f421_ertc.o(.text.ertc_timestamp_sub_second_get), (14 bytes).
    Removing at32f421_ertc.o(.ARM.exidx.text.ertc_timestamp_sub_second_get), (8 bytes).
    Removing at32f421_ertc.o(.text.ertc_tamper_pull_up_enable), (40 bytes).
    Removing at32f421_ertc.o(.ARM.exidx.text.ertc_tamper_pull_up_enable), (8 bytes).
    Removing at32f421_ertc.o(.text.ertc_tamper_precharge_set), (38 bytes).
    Removing at32f421_ertc.o(.ARM.exidx.text.ertc_tamper_precharge_set), (8 bytes).
    Removing at32f421_ertc.o(.text.ertc_tamper_filter_set), (38 bytes).
    Removing at32f421_ertc.o(.ARM.exidx.text.ertc_tamper_filter_set), (8 bytes).
    Removing at32f421_ertc.o(.text.ertc_tamper_detect_freq_set), (38 bytes).
    Removing at32f421_ertc.o(.ARM.exidx.text.ertc_tamper_detect_freq_set), (8 bytes).
    Removing at32f421_ertc.o(.text.ertc_tamper_valid_edge_set), (40 bytes).
    Removing at32f421_ertc.o(.ARM.exidx.text.ertc_tamper_valid_edge_set), (8 bytes).
    Removing at32f421_ertc.o(.text.ertc_tamper_timestamp_enable), (38 bytes).
    Removing at32f421_ertc.o(.ARM.exidx.text.ertc_tamper_timestamp_enable), (8 bytes).
    Removing at32f421_ertc.o(.text.ertc_tamper_enable), (32 bytes).
    Removing at32f421_ertc.o(.ARM.exidx.text.ertc_tamper_enable), (8 bytes).
    Removing at32f421_ertc.o(.text.ertc_interrupt_enable), (62 bytes).
    Removing at32f421_ertc.o(.ARM.exidx.text.ertc_interrupt_enable), (8 bytes).
    Removing at32f421_ertc.o(.text.ertc_interrupt_get), (30 bytes).
    Removing at32f421_ertc.o(.ARM.exidx.text.ertc_interrupt_get), (8 bytes).
    Removing at32f421_ertc.o(.text.ertc_flag_clear), (26 bytes).
    Removing at32f421_ertc.o(.ARM.exidx.text.ertc_flag_clear), (8 bytes).
    Removing at32f421_ertc.o(.text.ertc_bpr_data_write), (28 bytes).
    Removing at32f421_ertc.o(.ARM.exidx.text.ertc_bpr_data_write), (8 bytes).
    Removing at32f421_ertc.o(.text.ertc_bpr_data_read), (28 bytes).
    Removing at32f421_ertc.o(.ARM.exidx.text.ertc_bpr_data_read), (8 bytes).
    Removing at32f421_gpio.o(.text), (0 bytes).
    Removing at32f421_gpio.o(.text.gpio_reset), (62 bytes).
    Removing at32f421_gpio.o(.ARM.exidx.text.gpio_reset), (8 bytes).
    Removing at32f421_gpio.o(.ARM.exidx.text.gpio_init), (8 bytes).
    Removing at32f421_gpio.o(.text.gpio_default_para_init), (14 bytes).
    Removing at32f421_gpio.o(.ARM.exidx.text.gpio_default_para_init), (8 bytes).
    Removing at32f421_gpio.o(.ARM.exidx.text.gpio_input_data_bit_read), (8 bytes).
    Removing at32f421_gpio.o(.text.gpio_input_data_read), (6 bytes).
    Removing at32f421_gpio.o(.ARM.exidx.text.gpio_input_data_read), (8 bytes).
    Removing at32f421_gpio.o(.text.gpio_output_data_bit_read), (10 bytes).
    Removing at32f421_gpio.o(.ARM.exidx.text.gpio_output_data_bit_read), (8 bytes).
    Removing at32f421_gpio.o(.text.gpio_output_data_read), (6 bytes).
    Removing at32f421_gpio.o(.ARM.exidx.text.gpio_output_data_read), (8 bytes).
    Removing at32f421_gpio.o(.ARM.exidx.text.gpio_bits_set), (8 bytes).
    Removing at32f421_gpio.o(.ARM.exidx.text.gpio_bits_reset), (8 bytes).
    Removing at32f421_gpio.o(.text.gpio_bits_write), (12 bytes).
    Removing at32f421_gpio.o(.ARM.exidx.text.gpio_bits_write), (8 bytes).
    Removing at32f421_gpio.o(.text.gpio_port_write), (4 bytes).
    Removing at32f421_gpio.o(.ARM.exidx.text.gpio_port_write), (8 bytes).
    Removing at32f421_gpio.o(.text.gpio_pin_wp_config), (16 bytes).
    Removing at32f421_gpio.o(.ARM.exidx.text.gpio_pin_wp_config), (8 bytes).
    Removing at32f421_gpio.o(.text.gpio_pins_huge_driven_config), (16 bytes).
    Removing at32f421_gpio.o(.ARM.exidx.text.gpio_pins_huge_driven_config), (8 bytes).
    Removing at32f421_gpio.o(.text.gpio_pin_mux_config), (44 bytes).
    Removing at32f421_gpio.o(.ARM.exidx.text.gpio_pin_mux_config), (8 bytes).
    Removing at32f421_gpio.o(.rodata..Lswitch.table.gpio_reset.1), (24 bytes).
    Removing at32f421_misc.o(.text), (0 bytes).
    Removing at32f421_misc.o(.text.nvic_system_reset), (4 bytes).
    Removing at32f421_misc.o(.ARM.exidx.text.nvic_system_reset), (8 bytes).
    Removing at32f421_misc.o(.text.__NVIC_SystemReset), (36 bytes).
    Removing at32f421_misc.o(.ARM.exidx.text.__NVIC_SystemReset), (8 bytes).
    Removing at32f421_misc.o(.ARM.exidx.text.nvic_irq_enable), (8 bytes).
    Removing at32f421_misc.o(.text.nvic_irq_disable), (40 bytes).
    Removing at32f421_misc.o(.ARM.exidx.text.nvic_irq_disable), (8 bytes).
    Removing at32f421_misc.o(.text.nvic_priority_group_config), (32 bytes).
    Removing at32f421_misc.o(.ARM.exidx.text.nvic_priority_group_config), (8 bytes).
    Removing at32f421_misc.o(.text.nvic_vector_table_set), (24 bytes).
    Removing at32f421_misc.o(.ARM.exidx.text.nvic_vector_table_set), (8 bytes).
    Removing at32f421_misc.o(.text.nvic_lowpower_mode_config), (24 bytes).
    Removing at32f421_misc.o(.ARM.exidx.text.nvic_lowpower_mode_config), (8 bytes).
    Removing at32f421_misc.o(.text.systick_clock_source_config), (24 bytes).
    Removing at32f421_misc.o(.ARM.exidx.text.systick_clock_source_config), (8 bytes).
    Removing at32f421_tmr.o(.text), (0 bytes).
    Removing at32f421_tmr.o(.text.tmr_reset), (178 bytes).
    Removing at32f421_tmr.o(.ARM.exidx.text.tmr_reset), (8 bytes).
    Removing at32f421_tmr.o(.text.tmr_counter_enable), (10 bytes).
    Removing at32f421_tmr.o(.ARM.exidx.text.tmr_counter_enable), (8 bytes).
    Removing at32f421_tmr.o(.text.tmr_output_default_para_init), (10 bytes).
    Removing at32f421_tmr.o(.ARM.exidx.text.tmr_output_default_para_init), (8 bytes).
    Removing at32f421_tmr.o(.text.tmr_input_default_para_init), (8 bytes).
    Removing at32f421_tmr.o(.ARM.exidx.text.tmr_input_default_para_init), (8 bytes).
    Removing at32f421_tmr.o(.text.tmr_brkdt_default_para_init), (10 bytes).
    Removing at32f421_tmr.o(.ARM.exidx.text.tmr_brkdt_default_para_init), (8 bytes).
    Removing at32f421_tmr.o(.text.tmr_base_init), (14 bytes).
    Removing at32f421_tmr.o(.ARM.exidx.text.tmr_base_init), (8 bytes).
    Removing at32f421_tmr.o(.text.tmr_clock_source_div_set), (18 bytes).
    Removing at32f421_tmr.o(.ARM.exidx.text.tmr_clock_source_div_set), (8 bytes).
    Removing at32f421_tmr.o(.text.tmr_cnt_dir_set), (18 bytes).
    Removing at32f421_tmr.o(.ARM.exidx.text.tmr_cnt_dir_set), (8 bytes).
    Removing at32f421_tmr.o(.text.tmr_repetition_counter_set), (12 bytes).
    Removing at32f421_tmr.o(.ARM.exidx.text.tmr_repetition_counter_set), (8 bytes).
    Removing at32f421_tmr.o(.text.tmr_counter_value_set), (4 bytes).
    Removing at32f421_tmr.o(.ARM.exidx.text.tmr_counter_value_set), (8 bytes).
    Removing at32f421_tmr.o(.text.tmr_counter_value_get), (4 bytes).
    Removing at32f421_tmr.o(.ARM.exidx.text.tmr_counter_value_get), (8 bytes).
    Removing at32f421_tmr.o(.text.tmr_div_value_set), (4 bytes).
    Removing at32f421_tmr.o(.ARM.exidx.text.tmr_div_value_set), (8 bytes).
    Removing at32f421_tmr.o(.text.tmr_div_value_get), (4 bytes).
    Removing at32f421_tmr.o(.ARM.exidx.text.tmr_div_value_get), (8 bytes).
    Removing at32f421_tmr.o(.text.tmr_output_channel_config), (250 bytes).
    Removing at32f421_tmr.o(.ARM.exidx.text.tmr_output_channel_config), (8 bytes).
    Removing at32f421_tmr.o(.text.tmr_output_channel_mode_select), (90 bytes).
    Removing at32f421_tmr.o(.ARM.exidx.text.tmr_output_channel_mode_select), (8 bytes).
    Removing at32f421_tmr.o(.text.tmr_period_value_set), (4 bytes).
    Removing at32f421_tmr.o(.ARM.exidx.text.tmr_period_value_set), (8 bytes).
    Removing at32f421_tmr.o(.text.tmr_period_value_get), (4 bytes).
    Removing at32f421_tmr.o(.ARM.exidx.text.tmr_period_value_get), (8 bytes).
    Removing at32f421_tmr.o(.text.tmr_channel_value_set), (34 bytes).
    Removing at32f421_tmr.o(.ARM.exidx.text.tmr_channel_value_set), (8 bytes).
    Removing at32f421_tmr.o(.text.tmr_channel_value_get), (40 bytes).
    Removing at32f421_tmr.o(.ARM.exidx.text.tmr_channel_value_get), (8 bytes).
    Removing at32f421_tmr.o(.text.tmr_period_buffer_enable), (18 bytes).
    Removing at32f421_tmr.o(.ARM.exidx.text.tmr_period_buffer_enable), (8 bytes).
    Removing at32f421_tmr.o(.text.tmr_output_channel_buffer_enable), (90 bytes).
    Removing at32f421_tmr.o(.ARM.exidx.text.tmr_output_channel_buffer_enable), (8 bytes).
    Removing at32f421_tmr.o(.text.tmr_output_channel_immediately_set), (90 bytes).
    Removing at32f421_tmr.o(.ARM.exidx.text.tmr_output_channel_immediately_set), (8 bytes).
    Removing at32f421_tmr.o(.text.tmr_output_channel_switch_select), (18 bytes).
    Removing at32f421_tmr.o(.ARM.exidx.text.tmr_output_channel_switch_select), (8 bytes).
    Removing at32f421_tmr.o(.text.tmr_output_channel_switch_set), (90 bytes).
    Removing at32f421_tmr.o(.ARM.exidx.text.tmr_output_channel_switch_set), (8 bytes).
    Removing at32f421_tmr.o(.text.tmr_one_cycle_mode_enable), (18 bytes).
    Removing at32f421_tmr.o(.ARM.exidx.text.tmr_one_cycle_mode_enable), (8 bytes).
    Removing at32f421_tmr.o(.text.tmr_overflow_request_source_set), (18 bytes).
    Removing at32f421_tmr.o(.ARM.exidx.text.tmr_overflow_request_source_set), (8 bytes).
    Removing at32f421_tmr.o(.text.tmr_overflow_event_disable), (18 bytes).
    Removing at32f421_tmr.o(.ARM.exidx.text.tmr_overflow_event_disable), (8 bytes).
    Removing at32f421_tmr.o(.text.tmr_input_channel_init), (460 bytes).
    Removing at32f421_tmr.o(.ARM.exidx.text.tmr_input_channel_init), (8 bytes).
    Removing at32f421_tmr.o(.text.tmr_channel_enable), (136 bytes).
    Removing at32f421_tmr.o(.ARM.exidx.text.tmr_channel_enable), (8 bytes).
    Removing at32f421_tmr.o(.text.tmr_input_channel_filter_set), (90 bytes).
    Removing at32f421_tmr.o(.ARM.exidx.text.tmr_input_channel_filter_set), (8 bytes).
    Removing at32f421_tmr.o(.text.tmr_pwm_input_config), (276 bytes).
    Removing at32f421_tmr.o(.ARM.exidx.text.tmr_pwm_input_config), (8 bytes).
    Removing at32f421_tmr.o(.text.tmr_channel1_input_select), (18 bytes).
    Removing at32f421_tmr.o(.ARM.exidx.text.tmr_channel1_input_select), (8 bytes).
    Removing at32f421_tmr.o(.text.tmr_input_channel_divider_set), (90 bytes).
    Removing at32f421_tmr.o(.ARM.exidx.text.tmr_input_channel_divider_set), (8 bytes).
    Removing at32f421_tmr.o(.text.tmr_primary_mode_select), (18 bytes).
    Removing at32f421_tmr.o(.ARM.exidx.text.tmr_primary_mode_select), (8 bytes).
    Removing at32f421_tmr.o(.text.tmr_sub_mode_select), (10 bytes).
    Removing at32f421_tmr.o(.ARM.exidx.text.tmr_sub_mode_select), (8 bytes).
    Removing at32f421_tmr.o(.text.tmr_channel_dma_select), (18 bytes).
    Removing at32f421_tmr.o(.ARM.exidx.text.tmr_channel_dma_select), (8 bytes).
    Removing at32f421_tmr.o(.text.tmr_hall_select), (18 bytes).
    Removing at32f421_tmr.o(.ARM.exidx.text.tmr_hall_select), (8 bytes).
    Removing at32f421_tmr.o(.text.tmr_channel_buffer_enable), (10 bytes).
    Removing at32f421_tmr.o(.ARM.exidx.text.tmr_channel_buffer_enable), (8 bytes).
    Removing at32f421_tmr.o(.text.tmr_trigger_input_select), (18 bytes).
    Removing at32f421_tmr.o(.ARM.exidx.text.tmr_trigger_input_select), (8 bytes).
    Removing at32f421_tmr.o(.text.tmr_sub_sync_mode_set), (18 bytes).
    Removing at32f421_tmr.o(.ARM.exidx.text.tmr_sub_sync_mode_set), (8 bytes).
    Removing at32f421_tmr.o(.text.tmr_dma_request_enable), (26 bytes).
    Removing at32f421_tmr.o(.ARM.exidx.text.tmr_dma_request_enable), (8 bytes).
    Removing at32f421_tmr.o(.text.tmr_interrupt_enable), (26 bytes).
    Removing at32f421_tmr.o(.ARM.exidx.text.tmr_interrupt_enable), (8 bytes).
    Removing at32f421_tmr.o(.text.tmr_flag_get), (10 bytes).
    Removing at32f421_tmr.o(.ARM.exidx.text.tmr_flag_get), (8 bytes).
    Removing at32f421_tmr.o(.text.tmr_flag_clear), (6 bytes).
    Removing at32f421_tmr.o(.ARM.exidx.text.tmr_flag_clear), (8 bytes).
    Removing at32f421_tmr.o(.text.tmr_event_sw_trigger), (8 bytes).
    Removing at32f421_tmr.o(.ARM.exidx.text.tmr_event_sw_trigger), (8 bytes).
    Removing at32f421_tmr.o(.text.tmr_output_enable), (18 bytes).
    Removing at32f421_tmr.o(.ARM.exidx.text.tmr_output_enable), (8 bytes).
    Removing at32f421_tmr.o(.text.tmr_internal_clock_set), (10 bytes).
    Removing at32f421_tmr.o(.ARM.exidx.text.tmr_internal_clock_set), (8 bytes).
    Removing at32f421_tmr.o(.text.tmr_output_channel_polarity_set), (144 bytes).
    Removing at32f421_tmr.o(.ARM.exidx.text.tmr_output_channel_polarity_set), (8 bytes).
    Removing at32f421_tmr.o(.text.tmr_external_clock_config), (54 bytes).
    Removing at32f421_tmr.o(.ARM.exidx.text.tmr_external_clock_config), (8 bytes).
    Removing at32f421_tmr.o(.text.tmr_external_clock_mode1_config), (70 bytes).
    Removing at32f421_tmr.o(.ARM.exidx.text.tmr_external_clock_mode1_config), (8 bytes).
    Removing at32f421_tmr.o(.text.tmr_external_clock_mode2_config), (62 bytes).
    Removing at32f421_tmr.o(.ARM.exidx.text.tmr_external_clock_mode2_config), (8 bytes).
    Removing at32f421_tmr.o(.text.tmr_encoder_mode_config), (68 bytes).
    Removing at32f421_tmr.o(.ARM.exidx.text.tmr_encoder_mode_config), (8 bytes).
    Removing at32f421_tmr.o(.text.tmr_force_output_set), (90 bytes).
    Removing at32f421_tmr.o(.ARM.exidx.text.tmr_force_output_set), (8 bytes).
    Removing at32f421_tmr.o(.text.tmr_dma_control_config), (26 bytes).
    Removing at32f421_tmr.o(.ARM.exidx.text.tmr_dma_control_config), (8 bytes).
    Removing at32f421_tmr.o(.text.tmr_brkdt_config), (122 bytes).
    Removing at32f421_tmr.o(.ARM.exidx.text.tmr_brkdt_config), (8 bytes).
    Removing at32f421_tmr.o(.text.tmr_iremap_config), (10 bytes).
    Removing at32f421_tmr.o(.ARM.exidx.text.tmr_iremap_config), (8 bytes).
    Removing at32f421_wdt.o(.text), (0 bytes).
    Removing at32f421_wdt.o(.text.wdt_enable), (16 bytes).
    Removing at32f421_wdt.o(.ARM.exidx.text.wdt_enable), (8 bytes).
    Removing at32f421_wdt.o(.text.wdt_counter_reload), (16 bytes).
    Removing at32f421_wdt.o(.ARM.exidx.text.wdt_counter_reload), (8 bytes).
    Removing at32f421_wdt.o(.text.wdt_reload_value_set), (12 bytes).
    Removing at32f421_wdt.o(.ARM.exidx.text.wdt_reload_value_set), (8 bytes).
    Removing at32f421_wdt.o(.ARM.exidx.text.wdt_divider_set), (8 bytes).
    Removing at32f421_wdt.o(.ARM.exidx.text.wdt_register_write_enable), (8 bytes).
    Removing at32f421_wdt.o(.text.wdt_flag_get), (18 bytes).
    Removing at32f421_wdt.o(.ARM.exidx.text.wdt_flag_get), (8 bytes).
    Removing system_at32f421.o(.text), (0 bytes).
    Removing system_at32f421.o(.ARM.exidx.text.SystemInit), (8 bytes).
    Removing system_at32f421.o(.ARM.exidx.text.system_core_clock_update), (8 bytes).

333 unused section(s) (total 9564 bytes) removed from the image.

==============================================================================

Image Symbol Table

    Local Symbols

    Symbol Name                              Value     Ov Type        Size  Object(Section)

    ../clib/angel/boardlib.s                 0x00000000   Number         0  boardinit1.o ABSOLUTE
    ../clib/angel/boardlib.s                 0x00000000   Number         0  boardinit2.o ABSOLUTE
    ../clib/angel/boardlib.s                 0x00000000   Number         0  boardinit3.o ABSOLUTE
    ../clib/angel/boardlib.s                 0x00000000   Number         0  boardshut.o ABSOLUTE
    ../clib/angel/handlers.s                 0x00000000   Number         0  __scatter_copy.o ABSOLUTE
    ../clib/angel/handlers.s                 0x00000000   Number         0  __scatter_zi.o ABSOLUTE
    ../clib/angel/kernel.s                   0x00000000   Number         0  __rtentry.o ABSOLUTE
    ../clib/angel/kernel.s                   0x00000000   Number         0  __rtentry2.o ABSOLUTE
    ../clib/angel/kernel.s                   0x00000000   Number         0  __rtentry4.o ABSOLUTE
    ../clib/angel/kernel.s                   0x00000000   Number         0  rtexit.o ABSOLUTE
    ../clib/angel/kernel.s                   0x00000000   Number         0  rtexit2.o ABSOLUTE
    ../clib/angel/rt.s                       0x00000000   Number         0  rt_raise.o ABSOLUTE
    ../clib/angel/scatter.s                  0x00000000   Number         0  __scatter.o ABSOLUTE
    ../clib/angel/startup.s                  0x00000000   Number         0  __main.o ABSOLUTE
    ../clib/angel/sys.s                      0x00000000   Number         0  sys_stackheap_outer.o ABSOLUTE
    ../clib/angel/sys.s                      0x00000000   Number         0  libspace.o ABSOLUTE
    ../clib/angel/sys.s                      0x00000000   Number         0  use_no_semi.o ABSOLUTE
    ../clib/angel/sys.s                      0x00000000   Number         0  indicate_semi.o ABSOLUTE
    ../clib/angel/sysapp.c                   0x00000000   Number         0  sys_exit.o ABSOLUTE
    ../clib/angel/sysapp.c                   0x00000000   Number         0  sys_exit_hlt.o ABSOLUTE
    ../clib/angel/sysapp.c                   0x00000000   Number         0  sys_command.o ABSOLUTE
    ../clib/angel/sysapp.c                   0x00000000   Number         0  sys_command_hlt.o ABSOLUTE
    ../clib/angel/sysapp.c                   0x00000000   Number         0  sys_wrch.o ABSOLUTE
    ../clib/angel/sysapp.c                   0x00000000   Number         0  sys_wrch_hlt.o ABSOLUTE
    ../clib/armsys.c                         0x00000000   Number         0  argv_veneer.o ABSOLUTE
    ../clib/armsys.c                         0x00000000   Number         0  argv_veneer.o ABSOLUTE
    ../clib/armsys.c                         0x00000000   Number         0  _get_argv_nomalloc.o ABSOLUTE
    ../clib/armsys.c                         0x00000000   Number         0  no_argv.o ABSOLUTE
    ../clib/heapalloc.c                      0x00000000   Number         0  hrguard.o ABSOLUTE
    ../clib/heapaux.c                        0x00000000   Number         0  heapauxi.o ABSOLUTE
    ../clib/libinit.s                        0x00000000   Number         0  libinit.o ABSOLUTE
    ../clib/libinit.s                        0x00000000   Number         0  libinit2.o ABSOLUTE
    ../clib/libinit.s                        0x00000000   Number         0  libshutdown.o ABSOLUTE
    ../clib/libinit.s                        0x00000000   Number         0  libshutdown2.o ABSOLUTE
    ../clib/signal.c                         0x00000000   Number         0  defsig_rtmem_outer.o ABSOLUTE
    ../clib/signal.c                         0x00000000   Number         0  defsig_rtmem_formal.o ABSOLUTE
    ../clib/signal.c                         0x00000000   Number         0  defsig_exit.o ABSOLUTE
    ../clib/signal.c                         0x00000000   Number         0  defsig_rtmem_inner.o ABSOLUTE
    ../clib/signal.c                         0x00000000   Number         0  __raise.o ABSOLUTE
    ../clib/signal.c                         0x00000000   Number         0  defsig_general.o ABSOLUTE
    ../clib/signal.c                         0x00000000   Number         0  defsig_abrt_inner.o ABSOLUTE
    ../clib/signal.c                         0x00000000   Number         0  defsig_fpe_inner.o ABSOLUTE
    ../clib/signal.c                         0x00000000   Number         0  defsig_rtred_inner.o ABSOLUTE
    ../clib/signal.c                         0x00000000   Number         0  defsig_stak_inner.o ABSOLUTE
    ../clib/signal.c                         0x00000000   Number         0  defsig_pvfn_inner.o ABSOLUTE
    ../clib/signal.c                         0x00000000   Number         0  defsig_cppl_inner.o ABSOLUTE
    ../clib/signal.c                         0x00000000   Number         0  defsig_segv_inner.o ABSOLUTE
    ../clib/signal.c                         0x00000000   Number         0  defsig_other.o ABSOLUTE
    ../clib/signal.s                         0x00000000   Number         0  defsig.o ABSOLUTE
    ../clib/stdlib.c                         0x00000000   Number         0  exit.o ABSOLUTE
    ../fplib/fpinit.s                        0x00000000   Number         0  fpinit.o ABSOLUTE
    ../fplib/fpinit_empty.s                  0x00000000   Number         0  fpinit_empty.o ABSOLUTE
    RTE/Device/-AT32F421F8P7/startup_at32f421.s 0x00000000   Number         0  startup_at32f421.o ABSOLUTE
    at32f421_crm.c                           0x00000000   Number         0  at32f421_crm.o ABSOLUTE
    at32f421_ertc.c                          0x00000000   Number         0  at32f421_ertc.o ABSOLUTE
    at32f421_gpio.c                          0x00000000   Number         0  at32f421_gpio.o ABSOLUTE
    at32f421_misc.c                          0x00000000   Number         0  at32f421_misc.o ABSOLUTE
    at32f421_tmr.c                           0x00000000   Number         0  at32f421_tmr.o ABSOLUTE
    at32f421_wdt.c                           0x00000000   Number         0  at32f421_wdt.o ABSOLUTE
    dc.s                                     0x00000000   Number         0  dc.o ABSOLUTE
    main.c                                   0x00000000   Number         0  main.o ABSOLUTE
    system_at32f421.c                        0x00000000   Number         0  system_at32f421.o ABSOLUTE
    RESET                                    0x08000000   Section      204  startup_at32f421.o(RESET)
    !!!main                                  0x080000cc   Section        8  __main.o(!!!main)
    !!!scatter                               0x080000d4   Section       52  __scatter.o(!!!scatter)
    !!handler_copy                           0x08000108   Section       26  __scatter_copy.o(!!handler_copy)
    !!handler_zi                             0x08000124   Section       28  __scatter_zi.o(!!handler_zi)
    .ARM.Collect$$libinit$$00000000          0x08000140   Section        2  libinit.o(.ARM.Collect$$libinit$$00000000)
    .ARM.Collect$$libinit$$00000002          0x08000142   Section        0  libinit2.o(.ARM.Collect$$libinit$$00000002)
    .ARM.Collect$$libinit$$00000004          0x08000142   Section        0  libinit2.o(.ARM.Collect$$libinit$$00000004)
    .ARM.Collect$$libinit$$00000006          0x08000142   Section        0  libinit2.o(.ARM.Collect$$libinit$$00000006)
    .ARM.Collect$$libinit$$0000000C          0x08000142   Section        0  libinit2.o(.ARM.Collect$$libinit$$0000000C)
    .ARM.Collect$$libinit$$0000000E          0x08000142   Section        0  libinit2.o(.ARM.Collect$$libinit$$0000000E)
    .ARM.Collect$$libinit$$00000010          0x08000142   Section        0  libinit2.o(.ARM.Collect$$libinit$$00000010)
    .ARM.Collect$$libinit$$00000013          0x08000142   Section        0  libinit2.o(.ARM.Collect$$libinit$$00000013)
    .ARM.Collect$$libinit$$00000015          0x08000142   Section        0  libinit2.o(.ARM.Collect$$libinit$$00000015)
    .ARM.Collect$$libinit$$00000017          0x08000142   Section        0  libinit2.o(.ARM.Collect$$libinit$$00000017)
    .ARM.Collect$$libinit$$00000019          0x08000142   Section        0  libinit2.o(.ARM.Collect$$libinit$$00000019)
    .ARM.Collect$$libinit$$0000001B          0x08000142   Section        0  libinit2.o(.ARM.Collect$$libinit$$0000001B)
    .ARM.Collect$$libinit$$0000001D          0x08000142   Section        0  libinit2.o(.ARM.Collect$$libinit$$0000001D)
    .ARM.Collect$$libinit$$0000001F          0x08000142   Section        0  libinit2.o(.ARM.Collect$$libinit$$0000001F)
    .ARM.Collect$$libinit$$00000021          0x08000142   Section        0  libinit2.o(.ARM.Collect$$libinit$$00000021)
    .ARM.Collect$$libinit$$00000023          0x08000142   Section        0  libinit2.o(.ARM.Collect$$libinit$$00000023)
    .ARM.Collect$$libinit$$00000025          0x08000142   Section        0  libinit2.o(.ARM.Collect$$libinit$$00000025)
    .ARM.Collect$$libinit$$00000027          0x08000142   Section        0  libinit2.o(.ARM.Collect$$libinit$$00000027)
    .ARM.Collect$$libinit$$0000002E          0x08000142   Section        0  libinit2.o(.ARM.Collect$$libinit$$0000002E)
    .ARM.Collect$$libinit$$00000030          0x08000142   Section        0  libinit2.o(.ARM.Collect$$libinit$$00000030)
    .ARM.Collect$$libinit$$00000032          0x08000142   Section        0  libinit2.o(.ARM.Collect$$libinit$$00000032)
    .ARM.Collect$$libinit$$00000034          0x08000142   Section        0  libinit2.o(.ARM.Collect$$libinit$$00000034)
    .ARM.Collect$$libinit$$00000035          0x08000142   Section        2  libinit2.o(.ARM.Collect$$libinit$$00000035)
    .ARM.Collect$$libshutdown$$00000000      0x08000144   Section        2  libshutdown.o(.ARM.Collect$$libshutdown$$00000000)
    .ARM.Collect$$libshutdown$$00000002      0x08000146   Section        0  libshutdown2.o(.ARM.Collect$$libshutdown$$00000002)
    .ARM.Collect$$libshutdown$$00000004      0x08000146   Section        0  libshutdown2.o(.ARM.Collect$$libshutdown$$00000004)
    .ARM.Collect$$libshutdown$$00000007      0x08000146   Section        0  libshutdown2.o(.ARM.Collect$$libshutdown$$00000007)
    .ARM.Collect$$libshutdown$$0000000A      0x08000146   Section        0  libshutdown2.o(.ARM.Collect$$libshutdown$$0000000A)
    .ARM.Collect$$libshutdown$$0000000C      0x08000146   Section        0  libshutdown2.o(.ARM.Collect$$libshutdown$$0000000C)
    .ARM.Collect$$libshutdown$$0000000F      0x08000146   Section        0  libshutdown2.o(.ARM.Collect$$libshutdown$$0000000F)
    .ARM.Collect$$libshutdown$$00000010      0x08000146   Section        2  libshutdown2.o(.ARM.Collect$$libshutdown$$00000010)
    .ARM.Collect$$rtentry$$00000000          0x08000148   Section        0  __rtentry.o(.ARM.Collect$$rtentry$$00000000)
    .ARM.Collect$$rtentry$$00000002          0x08000148   Section        0  __rtentry2.o(.ARM.Collect$$rtentry$$00000002)
    .ARM.Collect$$rtentry$$00000004          0x08000148   Section        6  __rtentry4.o(.ARM.Collect$$rtentry$$00000004)
    .ARM.Collect$$rtentry$$00000009          0x0800014e   Section        0  __rtentry2.o(.ARM.Collect$$rtentry$$00000009)
    .ARM.Collect$$rtentry$$0000000A          0x0800014e   Section        4  __rtentry2.o(.ARM.Collect$$rtentry$$0000000A)
    .ARM.Collect$$rtentry$$0000000C          0x08000152   Section        0  __rtentry2.o(.ARM.Collect$$rtentry$$0000000C)
    .ARM.Collect$$rtentry$$0000000D          0x08000152   Section        8  __rtentry2.o(.ARM.Collect$$rtentry$$0000000D)
    .ARM.Collect$$rtexit$$00000000           0x0800015a   Section        2  rtexit.o(.ARM.Collect$$rtexit$$00000000)
    .ARM.Collect$$rtexit$$00000002           0x0800015c   Section        0  rtexit2.o(.ARM.Collect$$rtexit$$00000002)
    .ARM.Collect$$rtexit$$00000003           0x0800015c   Section        4  rtexit2.o(.ARM.Collect$$rtexit$$00000003)
    .ARM.Collect$$rtexit$$00000004           0x08000160   Section        6  rtexit2.o(.ARM.Collect$$rtexit$$00000004)
    .text                                    0x08000168   Section       64  startup_at32f421.o(.text)
    .text                                    0x080001a8   Section        0  heapauxi.o(.text)
    .text                                    0x080001ae   Section       74  sys_stackheap_outer.o(.text)
    .text                                    0x080001f8   Section        0  exit.o(.text)
    .text                                    0x0800020c   Section        8  libspace.o(.text)
    .text                                    0x08000214   Section        0  sys_exit.o(.text)
    .text                                    0x08000220   Section        2  use_no_semi.o(.text)
    .text                                    0x08000222   Section        0  indicate_semi.o(.text)
    [Anonymous Symbol]                       0x08000224   Section        0  system_at32f421.o(.text.SystemInit)
    [Anonymous Symbol]                       0x08000280   Section        0  main.o(.text.TMR6_GLOBAL_IRQHandler)
    [Anonymous Symbol]                       0x080002f8   Section        0  at32f421_crm.o(.text.crm_ahb_div_set)
    [Anonymous Symbol]                       0x08000314   Section        0  at32f421_crm.o(.text.crm_apb1_div_set)
    [Anonymous Symbol]                       0x08000330   Section        0  at32f421_crm.o(.text.crm_apb2_div_set)
    [Anonymous Symbol]                       0x0800034c   Section        0  at32f421_crm.o(.text.crm_clock_source_enable)
    [Anonymous Symbol]                       0x080003c8   Section        0  at32f421_crm.o(.text.crm_flag_get)
    [Anonymous Symbol]                       0x080003e4   Section        0  at32f421_crm.o(.text.crm_hick_divider_select)
    [Anonymous Symbol]                       0x08000400   Section        0  at32f421_crm.o(.text.crm_hick_sclk_frequency_select)
    [Anonymous Symbol]                       0x08000424   Section        0  at32f421_crm.o(.text.crm_periph_clock_enable)
    [Anonymous Symbol]                       0x0800044c   Section        0  at32f421_crm.o(.text.crm_reset)
    [Anonymous Symbol]                       0x0800049c   Section        0  at32f421_crm.o(.text.crm_sysclk_switch)
    [Anonymous Symbol]                       0x080004b0   Section        0  at32f421_crm.o(.text.crm_sysclk_switch_status_get)
    [Anonymous Symbol]                       0x080004c0   Section        0  at32f421_gpio.o(.text.gpio_bits_reset)
    [Anonymous Symbol]                       0x080004c4   Section        0  at32f421_gpio.o(.text.gpio_bits_set)
    [Anonymous Symbol]                       0x080004c8   Section        0  at32f421_gpio.o(.text.gpio_init)
    [Anonymous Symbol]                       0x0800053c   Section        0  at32f421_gpio.o(.text.gpio_input_data_bit_read)
    [Anonymous Symbol]                       0x0800054c   Section        0  main.o(.text.hardware_init)
    [Anonymous Symbol]                       0x080006d0   Section        0  main.o(.text.main)
    [Anonymous Symbol]                       0x08000740   Section        0  at32f421_misc.o(.text.nvic_irq_enable)
    [Anonymous Symbol]                       0x080007b4   Section        0  system_at32f421.o(.text.system_core_clock_update)
    system_core_clock_update.sys_ahb_div_table 0x08000894   Number         0  system_at32f421.o(.text.system_core_clock_update)
    [Anonymous Symbol]                       0x080008a4   Section        0  at32f421_wdt.o(.text.wdt_divider_set)
    [Anonymous Symbol]                       0x080008b8   Section        0  at32f421_wdt.o(.text.wdt_register_write_enable)
    .Lswitch.table.main                      0x080008cc   Data          12  main.o(.rodata..Lswitch.table.main)
    .bss                                     0x20000010   Section       96  libspace.o(.bss)
    Heap_Mem                                 0x20000080   Data         512  startup_at32f421.o(HEAP)
    HEAP                                     0x20000080   Section      512  startup_at32f421.o(HEAP)
    Stack_Mem                                0x20000280   Data        1024  startup_at32f421.o(STACK)
    STACK                                    0x20000280   Section     1024  startup_at32f421.o(STACK)
    __initial_sp                             0x20000680   Data           0  startup_at32f421.o(STACK)

    Global Symbols

    Symbol Name                              Value     Ov Type        Size  Object(Section)

    BuildAttributes$$THM_ISAv4$E$P$D$K$B$S$7EM$PE$A:L22UL41UL21$X:L11$S22US41US21$IEEE1$IW$~IW$USESV6$~STKCKD$USESV7$~SHL$OTIME$ROPI$EBA8$UX$STANDARDLIB$REQ8$PRES8$EABIv2 0x00000000   Number         0  anon$$obj.o ABSOLUTE
    __fp_init_empty                          0x00000000   Number         0  fpinit_empty.o ABSOLUTE
    __ARM_exceptions_init                     - Undefined Weak Reference
    __alloca_initialize                       - Undefined Weak Reference
    __arm_preinit_                            - Undefined Weak Reference
    __arm_relocate_pie_                       - Undefined Weak Reference
    __cpp_initialize__aeabi_                  - Undefined Weak Reference
    __cxa_finalize                            - Undefined Weak Reference
    __rt_locale                               - Undefined Weak Reference
    __sigvec_lookup                           - Undefined Weak Reference
    _atexit_init                              - Undefined Weak Reference
    _call_atexit_fns                          - Undefined Weak Reference
    _clock_init                               - Undefined Weak Reference
    _fp_trap_init                             - Undefined Weak Reference
    _fp_trap_shutdown                         - Undefined Weak Reference
    _get_lc_collate                           - Undefined Weak Reference
    _get_lc_ctype                             - Undefined Weak Reference
    _get_lc_monetary                          - Undefined Weak Reference
    _get_lc_numeric                           - Undefined Weak Reference
    _get_lc_time                              - Undefined Weak Reference
    _getenv_init                              - Undefined Weak Reference
    _handle_redirection                       - Undefined Weak Reference
    _init_alloc                               - Undefined Weak Reference
    _init_user_alloc                          - Undefined Weak Reference
    _initio                                   - Undefined Weak Reference
    _rand_init                                - Undefined Weak Reference
    _signal_finish                            - Undefined Weak Reference
    _signal_init                              - Undefined Weak Reference
    _terminate_alloc                          - Undefined Weak Reference
    _terminate_user_alloc                     - Undefined Weak Reference
    _terminateio                              - Undefined Weak Reference
    __Vectors_Size                           0x000000cc   Number         0  startup_at32f421.o ABSOLUTE
    __Vectors                                0x08000000   Data           4  startup_at32f421.o(RESET)
    __Vectors_End                            0x080000cc   Data           0  startup_at32f421.o(RESET)
    __main                                   0x080000cd   Thumb Code     8  __main.o(!!!main)
    __scatterload                            0x080000d5   Thumb Code     0  __scatter.o(!!!scatter)
    __scatterload_rt2                        0x080000d5   Thumb Code    44  __scatter.o(!!!scatter)
    __scatterload_rt2_thumb_only             0x080000d5   Thumb Code     0  __scatter.o(!!!scatter)
    __scatterload_null                       0x080000e3   Thumb Code     0  __scatter.o(!!!scatter)
    __scatterload_copy                       0x08000109   Thumb Code    26  __scatter_copy.o(!!handler_copy)
    __scatterload_zeroinit                   0x08000125   Thumb Code    28  __scatter_zi.o(!!handler_zi)
    __rt_lib_init                            0x08000141   Thumb Code     0  libinit.o(.ARM.Collect$$libinit$$00000000)
    __rt_lib_init_alloca_1                   0x08000143   Thumb Code     0  libinit2.o(.ARM.Collect$$libinit$$00000030)
    __rt_lib_init_argv_1                     0x08000143   Thumb Code     0  libinit2.o(.ARM.Collect$$libinit$$0000002E)
    __rt_lib_init_atexit_1                   0x08000143   Thumb Code     0  libinit2.o(.ARM.Collect$$libinit$$0000001D)
    __rt_lib_init_clock_1                    0x08000143   Thumb Code     0  libinit2.o(.ARM.Collect$$libinit$$00000023)
    __rt_lib_init_cpp_1                      0x08000143   Thumb Code     0  libinit2.o(.ARM.Collect$$libinit$$00000034)
    __rt_lib_init_exceptions_1               0x08000143   Thumb Code     0  libinit2.o(.ARM.Collect$$libinit$$00000032)
    __rt_lib_init_fp_1                       0x08000143   Thumb Code     0  libinit2.o(.ARM.Collect$$libinit$$00000002)
    __rt_lib_init_fp_trap_1                  0x08000143   Thumb Code     0  libinit2.o(.ARM.Collect$$libinit$$00000021)
    __rt_lib_init_getenv_1                   0x08000143   Thumb Code     0  libinit2.o(.ARM.Collect$$libinit$$00000025)
    __rt_lib_init_heap_1                     0x08000143   Thumb Code     0  libinit2.o(.ARM.Collect$$libinit$$0000000C)
    __rt_lib_init_lc_collate_1               0x08000143   Thumb Code     0  libinit2.o(.ARM.Collect$$libinit$$00000013)
    __rt_lib_init_lc_ctype_1                 0x08000143   Thumb Code     0  libinit2.o(.ARM.Collect$$libinit$$00000015)
    __rt_lib_init_lc_monetary_1              0x08000143   Thumb Code     0  libinit2.o(.ARM.Collect$$libinit$$00000017)
    __rt_lib_init_lc_numeric_1               0x08000143   Thumb Code     0  libinit2.o(.ARM.Collect$$libinit$$00000019)
    __rt_lib_init_lc_time_1                  0x08000143   Thumb Code     0  libinit2.o(.ARM.Collect$$libinit$$0000001B)
    __rt_lib_init_preinit_1                  0x08000143   Thumb Code     0  libinit2.o(.ARM.Collect$$libinit$$00000006)
    __rt_lib_init_rand_1                     0x08000143   Thumb Code     0  libinit2.o(.ARM.Collect$$libinit$$00000010)
    __rt_lib_init_relocate_pie_1             0x08000143   Thumb Code     0  libinit2.o(.ARM.Collect$$libinit$$00000004)
    __rt_lib_init_return                     0x08000143   Thumb Code     0  libinit2.o(.ARM.Collect$$libinit$$00000035)
    __rt_lib_init_signal_1                   0x08000143   Thumb Code     0  libinit2.o(.ARM.Collect$$libinit$$0000001F)
    __rt_lib_init_stdio_1                    0x08000143   Thumb Code     0  libinit2.o(.ARM.Collect$$libinit$$00000027)
    __rt_lib_init_user_alloc_1               0x08000143   Thumb Code     0  libinit2.o(.ARM.Collect$$libinit$$0000000E)
    __rt_lib_shutdown                        0x08000145   Thumb Code     0  libshutdown.o(.ARM.Collect$$libshutdown$$00000000)
    __rt_lib_shutdown_cpp_1                  0x08000147   Thumb Code     0  libshutdown2.o(.ARM.Collect$$libshutdown$$00000002)
    __rt_lib_shutdown_fp_trap_1              0x08000147   Thumb Code     0  libshutdown2.o(.ARM.Collect$$libshutdown$$00000007)
    __rt_lib_shutdown_heap_1                 0x08000147   Thumb Code     0  libshutdown2.o(.ARM.Collect$$libshutdown$$0000000F)
    __rt_lib_shutdown_return                 0x08000147   Thumb Code     0  libshutdown2.o(.ARM.Collect$$libshutdown$$00000010)
    __rt_lib_shutdown_signal_1               0x08000147   Thumb Code     0  libshutdown2.o(.ARM.Collect$$libshutdown$$0000000A)
    __rt_lib_shutdown_stdio_1                0x08000147   Thumb Code     0  libshutdown2.o(.ARM.Collect$$libshutdown$$00000004)
    __rt_lib_shutdown_user_alloc_1           0x08000147   Thumb Code     0  libshutdown2.o(.ARM.Collect$$libshutdown$$0000000C)
    __rt_entry                               0x08000149   Thumb Code     0  __rtentry.o(.ARM.Collect$$rtentry$$00000000)
    __rt_entry_presh_1                       0x08000149   Thumb Code     0  __rtentry2.o(.ARM.Collect$$rtentry$$00000002)
    __rt_entry_sh                            0x08000149   Thumb Code     0  __rtentry4.o(.ARM.Collect$$rtentry$$00000004)
    __rt_entry_li                            0x0800014f   Thumb Code     0  __rtentry2.o(.ARM.Collect$$rtentry$$0000000A)
    __rt_entry_postsh_1                      0x0800014f   Thumb Code     0  __rtentry2.o(.ARM.Collect$$rtentry$$00000009)
    __rt_entry_main                          0x08000153   Thumb Code     0  __rtentry2.o(.ARM.Collect$$rtentry$$0000000D)
    __rt_entry_postli_1                      0x08000153   Thumb Code     0  __rtentry2.o(.ARM.Collect$$rtentry$$0000000C)
    __rt_exit                                0x0800015b   Thumb Code     0  rtexit.o(.ARM.Collect$$rtexit$$00000000)
    __rt_exit_ls                             0x0800015d   Thumb Code     0  rtexit2.o(.ARM.Collect$$rtexit$$00000003)
    __rt_exit_prels_1                        0x0800015d   Thumb Code     0  rtexit2.o(.ARM.Collect$$rtexit$$00000002)
    __rt_exit_exit                           0x08000161   Thumb Code     0  rtexit2.o(.ARM.Collect$$rtexit$$00000004)
    Reset_Handler                            0x08000169   Thumb Code     8  startup_at32f421.o(.text)
    NMI_Handler                              0x08000171   Thumb Code     2  startup_at32f421.o(.text)
    HardFault_Handler                        0x08000173   Thumb Code     2  startup_at32f421.o(.text)
    MemManage_Handler                        0x08000175   Thumb Code     2  startup_at32f421.o(.text)
    BusFault_Handler                         0x08000177   Thumb Code     2  startup_at32f421.o(.text)
    UsageFault_Handler                       0x08000179   Thumb Code     2  startup_at32f421.o(.text)
    SVC_Handler                              0x0800017b   Thumb Code     2  startup_at32f421.o(.text)
    DebugMon_Handler                         0x0800017d   Thumb Code     2  startup_at32f421.o(.text)
    PendSV_Handler                           0x0800017f   Thumb Code     2  startup_at32f421.o(.text)
    SysTick_Handler                          0x08000181   Thumb Code     2  startup_at32f421.o(.text)
    ADC1_CMP_IRQHandler                      0x08000183   Thumb Code     0  startup_at32f421.o(.text)
    CRM_IRQHandler                           0x08000183   Thumb Code     0  startup_at32f421.o(.text)
    DMA1_Channel1_IRQHandler                 0x08000183   Thumb Code     0  startup_at32f421.o(.text)
    DMA1_Channel3_2_IRQHandler               0x08000183   Thumb Code     0  startup_at32f421.o(.text)
    DMA1_Channel5_4_IRQHandler               0x08000183   Thumb Code     0  startup_at32f421.o(.text)
    ERTC_IRQHandler                          0x08000183   Thumb Code     0  startup_at32f421.o(.text)
    EXINT15_4_IRQHandler                     0x08000183   Thumb Code     0  startup_at32f421.o(.text)
    EXINT1_0_IRQHandler                      0x08000183   Thumb Code     0  startup_at32f421.o(.text)
    EXINT3_2_IRQHandler                      0x08000183   Thumb Code     0  startup_at32f421.o(.text)
    FLASH_IRQHandler                         0x08000183   Thumb Code     0  startup_at32f421.o(.text)
    I2C1_ERR_IRQHandler                      0x08000183   Thumb Code     0  startup_at32f421.o(.text)
    I2C1_EVT_IRQHandler                      0x08000183   Thumb Code     0  startup_at32f421.o(.text)
    I2C2_ERR_IRQHandler                      0x08000183   Thumb Code     0  startup_at32f421.o(.text)
    I2C2_EVT_IRQHandler                      0x08000183   Thumb Code     0  startup_at32f421.o(.text)
    PVM_IRQHandler                           0x08000183   Thumb Code     0  startup_at32f421.o(.text)
    SPI1_IRQHandler                          0x08000183   Thumb Code     0  startup_at32f421.o(.text)
    SPI2_IRQHandler                          0x08000183   Thumb Code     0  startup_at32f421.o(.text)
    TMR14_GLOBAL_IRQHandler                  0x08000183   Thumb Code     0  startup_at32f421.o(.text)
    TMR15_GLOBAL_IRQHandler                  0x08000183   Thumb Code     0  startup_at32f421.o(.text)
    TMR16_GLOBAL_IRQHandler                  0x08000183   Thumb Code     0  startup_at32f421.o(.text)
    TMR17_GLOBAL_IRQHandler                  0x08000183   Thumb Code     0  startup_at32f421.o(.text)
    TMR1_BRK_OVF_TRG_HALL_IRQHandler         0x08000183   Thumb Code     0  startup_at32f421.o(.text)
    TMR1_CH_IRQHandler                       0x08000183   Thumb Code     0  startup_at32f421.o(.text)
    TMR3_GLOBAL_IRQHandler                   0x08000183   Thumb Code     0  startup_at32f421.o(.text)
    USART1_IRQHandler                        0x08000183   Thumb Code     0  startup_at32f421.o(.text)
    USART2_IRQHandler                        0x08000183   Thumb Code     0  startup_at32f421.o(.text)
    WWDT_IRQHandler                          0x08000183   Thumb Code     0  startup_at32f421.o(.text)
    __user_initial_stackheap                 0x08000185   Thumb Code     0  startup_at32f421.o(.text)
    __use_two_region_memory                  0x080001a9   Thumb Code     2  heapauxi.o(.text)
    __rt_heap_escrow$2region                 0x080001ab   Thumb Code     2  heapauxi.o(.text)
    __rt_heap_expand$2region                 0x080001ad   Thumb Code     2  heapauxi.o(.text)
    __user_setup_stackheap                   0x080001af   Thumb Code    74  sys_stackheap_outer.o(.text)
    exit                                     0x080001f9   Thumb Code    18  exit.o(.text)
    __user_libspace                          0x0800020d   Thumb Code     8  libspace.o(.text)
    __user_perproc_libspace                  0x0800020d   Thumb Code     0  libspace.o(.text)
    __user_perthread_libspace                0x0800020d   Thumb Code     0  libspace.o(.text)
    _sys_exit                                0x08000215   Thumb Code     8  sys_exit.o(.text)
    __I$use$semihosting                      0x08000221   Thumb Code     0  use_no_semi.o(.text)
    __use_no_semihosting_swi                 0x08000221   Thumb Code     2  use_no_semi.o(.text)
    __semihosting_library_function           0x08000223   Thumb Code     0  indicate_semi.o(.text)
    SystemInit                               0x08000225   Thumb Code    92  system_at32f421.o(.text.SystemInit)
    TMR6_GLOBAL_IRQHandler                   0x08000281   Thumb Code   118  main.o(.text.TMR6_GLOBAL_IRQHandler)
    crm_ahb_div_set                          0x080002f9   Thumb Code    26  at32f421_crm.o(.text.crm_ahb_div_set)
    crm_apb1_div_set                         0x08000315   Thumb Code    26  at32f421_crm.o(.text.crm_apb1_div_set)
    crm_apb2_div_set                         0x08000331   Thumb Code    26  at32f421_crm.o(.text.crm_apb2_div_set)
    crm_clock_source_enable                  0x0800034d   Thumb Code   122  at32f421_crm.o(.text.crm_clock_source_enable)
    crm_flag_get                             0x080003c9   Thumb Code    26  at32f421_crm.o(.text.crm_flag_get)
    crm_hick_divider_select                  0x080003e5   Thumb Code    26  at32f421_crm.o(.text.crm_hick_divider_select)
    crm_hick_sclk_frequency_select           0x08000401   Thumb Code    34  at32f421_crm.o(.text.crm_hick_sclk_frequency_select)
    crm_periph_clock_enable                  0x08000425   Thumb Code    40  at32f421_crm.o(.text.crm_periph_clock_enable)
    crm_reset                                0x0800044d   Thumb Code    78  at32f421_crm.o(.text.crm_reset)
    crm_sysclk_switch                        0x0800049d   Thumb Code    18  at32f421_crm.o(.text.crm_sysclk_switch)
    crm_sysclk_switch_status_get             0x080004b1   Thumb Code    16  at32f421_crm.o(.text.crm_sysclk_switch_status_get)
    gpio_bits_reset                          0x080004c1   Thumb Code     4  at32f421_gpio.o(.text.gpio_bits_reset)
    gpio_bits_set                            0x080004c5   Thumb Code     4  at32f421_gpio.o(.text.gpio_bits_set)
    gpio_init                                0x080004c9   Thumb Code   116  at32f421_gpio.o(.text.gpio_init)
    gpio_input_data_bit_read                 0x0800053d   Thumb Code    14  at32f421_gpio.o(.text.gpio_input_data_bit_read)
    hardware_init                            0x0800054d   Thumb Code   386  main.o(.text.hardware_init)
    main                                     0x080006d1   Thumb Code   112  main.o(.text.main)
    nvic_irq_enable                          0x08000741   Thumb Code   116  at32f421_misc.o(.text.nvic_irq_enable)
    system_core_clock_update                 0x080007b5   Thumb Code   224  system_at32f421.o(.text.system_core_clock_update)
    wdt_divider_set                          0x080008a5   Thumb Code    18  at32f421_wdt.o(.text.wdt_divider_set)
    wdt_register_write_enable                0x080008b9   Thumb Code    20  at32f421_wdt.o(.text.wdt_register_write_enable)
    Region$$Table$$Base                      0x080008d8   Number         0  anon$$obj.o(Region$$Table)
    Region$$Table$$Limit                     0x080008f8   Number         0  anon$$obj.o(Region$$Table)
    numbers                                  0x20000000   Data          10  main.o(.data.numbers)
    system_core_clock                        0x2000000c   Data           4  system_at32f421.o(.data.system_core_clock)
    __libspace_start                         0x20000010   Data          96  libspace.o(.bss)
    __temporary_stack_top$libspace           0x20000070   Data           0  libspace.o(.bss)
    counter                                  0x20000070   Data           1  main.o(.bss.counter)
    i                                        0x20000074   Data           4  main.o(.bss.i)
    timer_speed                              0x20000078   Data           1  main.o(.bss.timer_speed)



==============================================================================

Memory Map of the image

  Image Entry point : 0x08000169

  Load Region LR_1 (Base: 0x08000000, Size: 0x00000908, Max: 0xffffffff, ABSOLUTE)

    Execution Region ER_RO (Exec base: 0x08000000, Load base: 0x08000000, Size: 0x000008f8, Max: 0xffffffff, ABSOLUTE)

    Exec Addr    Load Addr    Size         Type   Attr      Idx    E Section Name        Object

    0x08000000   0x08000000   0x000000cc   Data   RO          408    RESET               startup_at32f421.o
    0x080000cc   0x080000cc   0x00000008   Code   RO          432  * !!!main             c_w.l(__main.o)
    0x080000d4   0x080000d4   0x00000034   Code   RO          597    !!!scatter          c_w.l(__scatter.o)
    0x08000108   0x08000108   0x0000001a   Code   RO          599    !!handler_copy      c_w.l(__scatter_copy.o)
    0x08000122   0x08000122   0x00000002   PAD
    0x08000124   0x08000124   0x0000001c   Code   RO          601    !!handler_zi        c_w.l(__scatter_zi.o)
    0x08000140   0x08000140   0x00000002   Code   RO          459    .ARM.Collect$$libinit$$00000000  c_w.l(libinit.o)
    0x08000142   0x08000142   0x00000000   Code   RO          466    .ARM.Collect$$libinit$$00000002  c_w.l(libinit2.o)
    0x08000142   0x08000142   0x00000000   Code   RO          468    .ARM.Collect$$libinit$$00000004  c_w.l(libinit2.o)
    0x08000142   0x08000142   0x00000000   Code   RO          470    .ARM.Collect$$libinit$$00000006  c_w.l(libinit2.o)
    0x08000142   0x08000142   0x00000000   Code   RO          473    .ARM.Collect$$libinit$$0000000C  c_w.l(libinit2.o)
    0x08000142   0x08000142   0x00000000   Code   RO          475    .ARM.Collect$$libinit$$0000000E  c_w.l(libinit2.o)
    0x08000142   0x08000142   0x00000000   Code   RO          477    .ARM.Collect$$libinit$$00000010  c_w.l(libinit2.o)
    0x08000142   0x08000142   0x00000000   Code   RO          480    .ARM.Collect$$libinit$$00000013  c_w.l(libinit2.o)
    0x08000142   0x08000142   0x00000000   Code   RO          482    .ARM.Collect$$libinit$$00000015  c_w.l(libinit2.o)
    0x08000142   0x08000142   0x00000000   Code   RO          484    .ARM.Collect$$libinit$$00000017  c_w.l(libinit2.o)
    0x08000142   0x08000142   0x00000000   Code   RO          486    .ARM.Collect$$libinit$$00000019  c_w.l(libinit2.o)
    0x08000142   0x08000142   0x00000000   Code   RO          488    .ARM.Collect$$libinit$$0000001B  c_w.l(libinit2.o)
    0x08000142   0x08000142   0x00000000   Code   RO          490    .ARM.Collect$$libinit$$0000001D  c_w.l(libinit2.o)
    0x08000142   0x08000142   0x00000000   Code   RO          492    .ARM.Collect$$libinit$$0000001F  c_w.l(libinit2.o)
    0x08000142   0x08000142   0x00000000   Code   RO          494    .ARM.Collect$$libinit$$00000021  c_w.l(libinit2.o)
    0x08000142   0x08000142   0x00000000   Code   RO          496    .ARM.Collect$$libinit$$00000023  c_w.l(libinit2.o)
    0x08000142   0x08000142   0x00000000   Code   RO          498    .ARM.Collect$$libinit$$00000025  c_w.l(libinit2.o)
    0x08000142   0x08000142   0x00000000   Code   RO          500    .ARM.Collect$$libinit$$00000027  c_w.l(libinit2.o)
    0x08000142   0x08000142   0x00000000   Code   RO          504    .ARM.Collect$$libinit$$0000002E  c_w.l(libinit2.o)
    0x08000142   0x08000142   0x00000000   Code   RO          506    .ARM.Collect$$libinit$$00000030  c_w.l(libinit2.o)
    0x08000142   0x08000142   0x00000000   Code   RO          508    .ARM.Collect$$libinit$$00000032  c_w.l(libinit2.o)
    0x08000142   0x08000142   0x00000000   Code   RO          510    .ARM.Collect$$libinit$$00000034  c_w.l(libinit2.o)
    0x08000142   0x08000142   0x00000002   Code   RO          511    .ARM.Collect$$libinit$$00000035  c_w.l(libinit2.o)
    0x08000144   0x08000144   0x00000002   Code   RO          533    .ARM.Collect$$libshutdown$$00000000  c_w.l(libshutdown.o)
    0x08000146   0x08000146   0x00000000   Code   RO          548    .ARM.Collect$$libshutdown$$00000002  c_w.l(libshutdown2.o)
    0x08000146   0x08000146   0x00000000   Code   RO          550    .ARM.Collect$$libshutdown$$00000004  c_w.l(libshutdown2.o)
    0x08000146   0x08000146   0x00000000   Code   RO          553    .ARM.Collect$$libshutdown$$00000007  c_w.l(libshutdown2.o)
    0x08000146   0x08000146   0x00000000   Code   RO          556    .ARM.Collect$$libshutdown$$0000000A  c_w.l(libshutdown2.o)
    0x08000146   0x08000146   0x00000000   Code   RO          558    .ARM.Collect$$libshutdown$$0000000C  c_w.l(libshutdown2.o)
    0x08000146   0x08000146   0x00000000   Code   RO          561    .ARM.Collect$$libshutdown$$0000000F  c_w.l(libshutdown2.o)
    0x08000146   0x08000146   0x00000002   Code   RO          562    .ARM.Collect$$libshutdown$$00000010  c_w.l(libshutdown2.o)
    0x08000148   0x08000148   0x00000000   Code   RO          434    .ARM.Collect$$rtentry$$00000000  c_w.l(__rtentry.o)
    0x08000148   0x08000148   0x00000000   Code   RO          436    .ARM.Collect$$rtentry$$00000002  c_w.l(__rtentry2.o)
    0x08000148   0x08000148   0x00000006   Code   RO          448    .ARM.Collect$$rtentry$$00000004  c_w.l(__rtentry4.o)
    0x0800014e   0x0800014e   0x00000000   Code   RO          438    .ARM.Collect$$rtentry$$00000009  c_w.l(__rtentry2.o)
    0x0800014e   0x0800014e   0x00000004   Code   RO          439    .ARM.Collect$$rtentry$$0000000A  c_w.l(__rtentry2.o)
    0x08000152   0x08000152   0x00000000   Code   RO          441    .ARM.Collect$$rtentry$$0000000C  c_w.l(__rtentry2.o)
    0x08000152   0x08000152   0x00000008   Code   RO          442    .ARM.Collect$$rtentry$$0000000D  c_w.l(__rtentry2.o)
    0x0800015a   0x0800015a   0x00000002   Code   RO          463    .ARM.Collect$$rtexit$$00000000  c_w.l(rtexit.o)
    0x0800015c   0x0800015c   0x00000000   Code   RO          513    .ARM.Collect$$rtexit$$00000002  c_w.l(rtexit2.o)
    0x0800015c   0x0800015c   0x00000004   Code   RO          514    .ARM.Collect$$rtexit$$00000003  c_w.l(rtexit2.o)
    0x08000160   0x08000160   0x00000006   Code   RO          515    .ARM.Collect$$rtexit$$00000004  c_w.l(rtexit2.o)
    0x08000166   0x08000166   0x00000002   PAD
    0x08000168   0x08000168   0x00000040   Code   RO          409  * .text               startup_at32f421.o
    0x080001a8   0x080001a8   0x00000006   Code   RO          430    .text               c_w.l(heapauxi.o)
    0x080001ae   0x080001ae   0x0000004a   Code   RO          450    .text               c_w.l(sys_stackheap_outer.o)
    0x080001f8   0x080001f8   0x00000012   Code   RO          452    .text               c_w.l(exit.o)
    0x0800020a   0x0800020a   0x00000002   PAD
    0x0800020c   0x0800020c   0x00000008   Code   RO          460    .text               c_w.l(libspace.o)
    0x08000214   0x08000214   0x0000000c   Code   RO          523    .text               c_w.l(sys_exit.o)
    0x08000220   0x08000220   0x00000002   Code   RO          538    .text               c_w.l(use_no_semi.o)
    0x08000222   0x08000222   0x00000000   Code   RO          540    .text               c_w.l(indicate_semi.o)
    0x08000222   0x08000222   0x00000002   PAD
    0x08000224   0x08000224   0x0000005c   Code   RO          416    .text.SystemInit    system_at32f421.o
    0x08000280   0x08000280   0x00000076   Code   RO           10    .text.TMR6_GLOBAL_IRQHandler  main.o
    0x080002f6   0x080002f6   0x00000002   PAD
    0x080002f8   0x080002f8   0x0000001a   Code   RO           59    .text.crm_ahb_div_set  at32f421_crm.o
    0x08000312   0x08000312   0x00000002   PAD
    0x08000314   0x08000314   0x0000001a   Code   RO           61    .text.crm_apb1_div_set  at32f421_crm.o
    0x0800032e   0x0800032e   0x00000002   PAD
    0x08000330   0x08000330   0x0000001a   Code   RO           63    .text.crm_apb2_div_set  at32f421_crm.o
    0x0800034a   0x0800034a   0x00000002   PAD
    0x0800034c   0x0800034c   0x0000007a   Code   RO           51    .text.crm_clock_source_enable  at32f421_crm.o
    0x080003c6   0x080003c6   0x00000002   PAD
    0x080003c8   0x080003c8   0x0000001a   Code   RO           37    .text.crm_flag_get  at32f421_crm.o
    0x080003e2   0x080003e2   0x00000002   PAD
    0x080003e4   0x080003e4   0x0000001a   Code   RO           87    .text.crm_hick_divider_select  at32f421_crm.o
    0x080003fe   0x080003fe   0x00000002   PAD
    0x08000400   0x08000400   0x00000022   Code   RO           89    .text.crm_hick_sclk_frequency_select  at32f421_crm.o
    0x08000422   0x08000422   0x00000002   PAD
    0x08000424   0x08000424   0x00000028   Code   RO           45    .text.crm_periph_clock_enable  at32f421_crm.o
    0x0800044c   0x0800044c   0x0000004e   Code   RO           31    .text.crm_reset     at32f421_crm.o
    0x0800049a   0x0800049a   0x00000002   PAD
    0x0800049c   0x0800049c   0x00000012   Code   RO           75    .text.crm_sysclk_switch  at32f421_crm.o
    0x080004ae   0x080004ae   0x00000002   PAD
    0x080004b0   0x080004b0   0x00000010   Code   RO           77    .text.crm_sysclk_switch_status_get  at32f421_crm.o
    0x080004c0   0x080004c0   0x00000004   Code   RO          222    .text.gpio_bits_reset  at32f421_gpio.o
    0x080004c4   0x080004c4   0x00000004   Code   RO          220    .text.gpio_bits_set  at32f421_gpio.o
    0x080004c8   0x080004c8   0x00000074   Code   RO          208    .text.gpio_init     at32f421_gpio.o
    0x0800053c   0x0800053c   0x0000000e   Code   RO          212    .text.gpio_input_data_bit_read  at32f421_gpio.o
    0x0800054a   0x0800054a   0x00000002   PAD
    0x0800054c   0x0800054c   0x00000182   Code   RO            4    .text.hardware_init  main.o
    0x080006ce   0x080006ce   0x00000002   PAD
    0x080006d0   0x080006d0   0x00000070   Code   RO           14    .text.main          main.o
    0x08000740   0x08000740   0x00000074   Code   RO          247    .text.nvic_irq_enable  at32f421_misc.o
    0x080007b4   0x080007b4   0x000000f0   Code   RO          418    .text.system_core_clock_update  system_at32f421.o
    0x080008a4   0x080008a4   0x00000012   Code   RO          393    .text.wdt_divider_set  at32f421_wdt.o
    0x080008b6   0x080008b6   0x00000002   PAD
    0x080008b8   0x080008b8   0x00000014   Code   RO          395    .text.wdt_register_write_enable  at32f421_wdt.o
    0x080008cc   0x080008cc   0x0000000c   Data   RO           22    .rodata..Lswitch.table.main  main.o
    0x080008d8   0x080008d8   0x00000020   Data   RO          596    Region$$Table       anon$$obj.o


    Execution Region ER_RW (Exec base: 0x20000000, Load base: 0x080008f8, Size: 0x00000010, Max: 0xffffffff, ABSOLUTE)

    Exec Addr    Load Addr    Size         Type   Attr      Idx    E Section Name        Object

    0x20000000   0x080008f8   0x0000000a   Data   RW           16    .data.numbers       main.o
    0x2000000a   0x08000902   0x00000002   PAD
    0x2000000c   0x08000904   0x00000004   Data   RW          420    .data.system_core_clock  system_at32f421.o


    Execution Region ER_ZI (Exec base: 0x20000010, Load base: 0x08000908, Size: 0x00000670, Max: 0xffffffff, ABSOLUTE)

    Exec Addr    Load Addr    Size         Type   Attr      Idx    E Section Name        Object

    0x20000010        -       0x00000060   Zero   RW          461    .bss                c_w.l(libspace.o)
    0x20000070        -       0x00000001   Zero   RW           19    .bss.counter        main.o
    0x20000071   0x08000908   0x00000003   PAD
    0x20000074        -       0x00000004   Zero   RW           20    .bss.i              main.o
    0x20000078        -       0x00000001   Zero   RW           17    .bss.timer_speed    main.o
    0x20000079   0x08000908   0x00000007   PAD
    0x20000080        -       0x00000200   Zero   RW          407    HEAP                startup_at32f421.o
    0x20000280        -       0x00000400   Zero   RW          406    STACK               startup_at32f421.o


==============================================================================

Image component sizes


      Code (inc. data)   RO Data    RW Data    ZI Data      Debug   Object Name

       438          6          0          0          0      19182   at32f421_crm.o
       138          0          0          0          0      11066   at32f421_gpio.o
       116          0          0          0          0       6336   at32f421_misc.o
        38          0          0          0          0       2472   at32f421_wdt.o
       616          0         12         10          6      19708   main.o
        64         26        204          0       1536        824   startup_at32f421.o
       332         16          0          4          0       7735   system_at32f421.o

    ----------------------------------------------------------------------
      1768         48        248         16       1552      67323   Object Totals
         0          0         32          0          0          0   (incl. Generated)
        26          0          0          2         10          0   (incl. Padding)

    ----------------------------------------------------------------------

      Code (inc. data)   RO Data    RW Data    ZI Data      Debug   Library Member Name

         8          0          0          0          0         68   __main.o
         0          0          0          0          0          0   __rtentry.o
        12          0          0          0          0          0   __rtentry2.o
         6          0          0          0          0          0   __rtentry4.o
        52          8          0          0          0          0   __scatter.o
        26          0          0          0          0          0   __scatter_copy.o
        28          0          0          0          0          0   __scatter_zi.o
        18          0          0          0          0         80   exit.o
         6          0          0          0          0        152   heapauxi.o
         0          0          0          0          0          0   indicate_semi.o
         2          0          0          0          0          0   libinit.o
         2          0          0          0          0          0   libinit2.o
         2          0          0          0          0          0   libshutdown.o
         2          0          0          0          0          0   libshutdown2.o
         8          4          0          0         96         68   libspace.o
         2          0          0          0          0          0   rtexit.o
        10          0          0          0          0          0   rtexit2.o
        12          4          0          0          0         68   sys_exit.o
        74          0          0          0          0         80   sys_stackheap_outer.o
         2          0          0          0          0         68   use_no_semi.o

    ----------------------------------------------------------------------
       280         16          0          0         96        584   Library Totals
         8          0          0          0          0          0   (incl. Padding)

    ----------------------------------------------------------------------

      Code (inc. data)   RO Data    RW Data    ZI Data      Debug   Library Name

       272         16          0          0         96        584   c_w.l

    ----------------------------------------------------------------------
       280         16          0          0         96        584   Library Totals

    ----------------------------------------------------------------------

==============================================================================


      Code (inc. data)   RO Data    RW Data    ZI Data      Debug   

      2048         64        248         16       1648      67699   Grand Totals
      2048         64        248         16       1648      67699   ELF Image Totals
      2048         64        248         16          0          0   ROM Totals

==============================================================================

    Total RO  Size (Code + RO Data)                 2296 (   2.24kB)
    Total RW  Size (RW Data + ZI Data)              1664 (   1.62kB)
    Total ROM Size (Code + RO Data + RW Data)       2312 (   2.26kB)

==============================================================================

